<html>
<body>
<pre>
<h1>µVision Build Log</h1>
<h2>Tool Versions:</h2>
IDE-Version: ¦ÌVision V5.25.3.0
Copyright (C) 2018 ARM Ltd and ARM Germany GmbH. All rights reserved.
License Information: 1 Administrator, 1, LIC=SDA0P-M3DVZ-MMW9I-T8Q5T-R77GB-XMRE3
 
Tool Versions:
Toolchain:       MDK-ARM Plus  Version: 5.18
Toolchain Path:  D:\Keil_v5\ARM\ARMCC\Bin
C Compiler:      Armcc.exe V5.06 update 1 (build 61)
Assembler:       Armasm.exe V5.06 update 1 (build 61)
Linker/Locator:  ArmLink.exe V5.06 update 1 (build 61)
Library Manager: ArmAr.exe V5.06 update 1 (build 61)
Hex Converter:   FromElf.exe V5.06 update 1 (build 61)
CPU DLL:         SARMCM3.DLL V5.18
Dialog DLL:      DARMSTM.DLL V1.65.0.0
Target DLL:      STLink\ST-LINKIII-KEIL_SWO.dll V2.0.18.0
Dialog DLL:      TARMSTM.DLL V1.64.0.0
 
<h2>Project:</h2>
C:\Users\Administrator\Desktop\ESP8266LED\ESP8266LED\ESP8266LED_oled\USER\USART.uvprojx
Project File Date:  05/31/2021

<h2>Output:</h2>
*** Using Compiler 'V5.06 update 1 (build 61)', folder: 'D:\Keil_v5\ARM\ARMCC\Bin'
Rebuild target 'USART'
compiling timer.c...
compiling led.c...
compiling usart3.c...
compiling stm32f10x_it.c...
compiling system_stm32f10x.c...
compiling main.c...
compiling esp8266.c...
..\HARDWARE\ESP8266\esp8266.c(190): warning:  #167-D: argument of type "u8 *" is incompatible with parameter of type "char *"
  	cJSON_WeatherParse(USART3_RX_BUF, results);		//?????????ý¾?
..\HARDWARE\ESP8266\esp8266.c(312): warning:  #177-D: variable "ipbuf" was declared but never referenced
  	u8 ipbuf[16]; 	//IP»º??
..\HARDWARE\ESP8266\esp8266.c: 2 warnings, 0 errors
compiling malloc.c...
compiling key.c...
compiling oled.c...
compiling exti.c...
compiling delay.c...
assembling startup_stm32f10x_hd.s...
compiling sys.c...
compiling cJSON.c...
..\HARDWARE\Cjson\cJSON.c(55): warning:  #1293-D: assignment in condition
        if (!(copy = (char*)cJSON_malloc(len))) return 0;
..\HARDWARE\Cjson\cJSON.c(278): warning:  #1293-D: assignment in condition
  	ptr=str;while ((token=*ptr) && ++len) {if (strchr("\"\\\b\f\n\r\t",token)) len++; else if (token<32) len+=5;ptr++;}
..\HARDWARE\Cjson\cJSON.c(352): warning:  #111-D: statement is unreachable
  	return p.buffer;
..\HARDWARE\Cjson\cJSON.c(423): warning:  #1293-D: assignment in condition
  		if (!(new_item=cJSON_New_Item())) return 0; 	/* memory fail */
..\HARDWARE\Cjson\cJSON.c(535): warning:  #1293-D: assignment in condition
  		if (!(new_item=cJSON_New_Item()))	return 0; /* memory fail */
..\HARDWARE\Cjson\cJSON.c: 5 warnings, 0 errors
compiling core_cm3.c...
compiling usart.c...
compiling misc.c...
compiling stm32f10x_gpio.c...
compiling stm32f10x_usart.c...
compiling stm32f10x_exti.c...
compiling stm32f10x_rcc.c...
compiling stm32f10x_tim.c...
linking...
Program Size: Code=30176 RO-data=2980 RW-data=1548 ZI-data=1090812  
FromELF: creating hex file...
"..\OBJ\USART.axf" - 0 Error(s), 7 Warning(s).

<h2>Software Packages used:</h2>

Package Vendor: Keil
                http://www.keil.com/pack/Keil.STM32F1xx_DFP.2.3.0.pack
                Keil.STM32F1xx_DFP.2.3.0
                STMicroelectronics STM32F1 Series Device Support, Drivers and Examples

<h2>Collection of Component include folders:</h2>
  .\RTE\_USART
  D:\Keil_v5\ARM\PACK\Keil\STM32F1xx_DFP\2.3.0\Device\Include

<h2>Collection of Component Files used:</h2>
Build Time Elapsed:  00:00:05
</pre>
</body>
</html>
