Component: ARM Compiler 5.06 update 1 (build 61) Tool: armlink [4d35a8]

==============================================================================

Section Cross References

    main.o(.text) refers to delay.o(.text) for delay_init
    main.o(.text) refers to misc.o(.text) for NVIC_PriorityGroupConfig
    main.o(.text) refers to exti.o(.text) for EXTIX_Init
    main.o(.text) refers to usart.o(.text) for uart_init
    main.o(.text) refers to usart3.o(.text) for usart3_init
    main.o(.text) refers to led.o(.text) for LED_Init
    main.o(.text) refers to oled.o(.text) for OLED_Init
    main.o(.text) refers to timer.o(.text) for TIM3_Int_Init
    main.o(.text) refers to esp8266.o(.text) for esp8266_start_trans
    main.o(.text) refers to stm32f10x_tim.o(.text) for TIM_Cmd
    main.o(.text) refers to esp8266.o(.data) for nwt
    main.o(.text) refers to main.o(.data) for hour
    main.o(.text) refers to esp8266.o(.bss) for results
    system_stm32f10x.o(.text) refers to system_stm32f10x.o(.data) for SystemCoreClock
    esp8266.o(.text) refers to strstr.o(.text) for strstr
    esp8266.o(.text) refers to usart3.o(.text) for u3_printf
    esp8266.o(.text) refers to delay.o(.text) for delay_ms
    esp8266.o(.text) refers to printfa.o(i.__0printf) for __2printf
    esp8266.o(.text) refers to malloc.o(.text) for mymalloc
    esp8266.o(.text) refers to printfa.o(i.__0sprintf) for __2sprintf
    esp8266.o(.text) refers to cjson.o(.text) for cJSON_Parse
    esp8266.o(.text) refers to strlen.o(.text) for strlen
    esp8266.o(.text) refers to memcpya.o(.text) for __aeabi_memcpy
    esp8266.o(.text) refers to usart3.o(.data) for USART3_RX_STA
    esp8266.o(.text) refers to usart3.o(.bss) for USART3_RX_BUF
    esp8266.o(.text) refers to esp8266.o(.data) for wifista_password
    esp8266.o(.text) refers to esp8266.o(.conststring) for .conststring
    esp8266.o(.text) refers to esp8266.o(.bss) for results
    esp8266.o(.text) refers to esp8266.o(.constdata) for mon_table
    esp8266.o(.data) refers to esp8266.o(.conststring) for .conststring
    timer.o(.text) refers to stm32f10x_tim.o(.text) for TIM_GetITStatus
    timer.o(.text) refers to stm32f10x_rcc.o(.text) for RCC_APB1PeriphClockCmd
    timer.o(.text) refers to misc.o(.text) for NVIC_Init
    timer.o(.text) refers to usart3.o(.data) for USART3_RX_STA
    timer.o(.text) refers to main.o(.data) for sec
    usart3.o(.text) refers to stm32f10x_usart.o(.text) for USART_GetITStatus
    usart3.o(.text) refers to stm32f10x_tim.o(.text) for TIM_SetCounter
    usart3.o(.text) refers to stm32f10x_rcc.o(.text) for RCC_APB2PeriphClockCmd
    usart3.o(.text) refers to stm32f10x_gpio.o(.text) for GPIO_Init
    usart3.o(.text) refers to misc.o(.text) for NVIC_Init
    usart3.o(.text) refers to timer.o(.text) for TIM7_Int_Init
    usart3.o(.text) refers to printfa.o(i.__0vsprintf) for __c89vsprintf
    usart3.o(.text) refers to strlen.o(.text) for strlen
    usart3.o(.text) refers to usart3.o(.data) for USART3_RX_STA
    usart3.o(.text) refers to usart3.o(.bss) for USART3_RX_BUF
    led.o(.text) refers to stm32f10x_rcc.o(.text) for RCC_APB2PeriphClockCmd
    led.o(.text) refers to stm32f10x_gpio.o(.text) for GPIO_Init
    malloc.o(.text) refers to malloc.o(.constdata) for memtblsize
    malloc.o(.text) refers to malloc.o(.data) for mallco_dev
    malloc.o(.data) refers to malloc.o(.text) for my_mem_init
    malloc.o(.data) refers to malloc.o(.bss) for mem1base
    malloc.o(.data) refers to malloc.o(.ARM.__AT_0x68000000) for mem2base
    malloc.o(.data) refers to malloc.o(.ARM.__AT_0x680F0000) for mem2mapbase
    exti.o(.text) refers to stm32f10x_rcc.o(.text) for RCC_APB2PeriphClockCmd
    exti.o(.text) refers to key.o(.text) for KEY_Init
    exti.o(.text) refers to stm32f10x_gpio.o(.text) for GPIO_EXTILineConfig
    exti.o(.text) refers to stm32f10x_exti.o(.text) for EXTI_Init
    exti.o(.text) refers to misc.o(.text) for NVIC_Init
    exti.o(.text) refers to delay.o(.text) for delay_ms
    exti.o(.text) refers to main.o(.data) for flag
    key.o(.text) refers to stm32f10x_rcc.o(.text) for RCC_APB2PeriphClockCmd
    key.o(.text) refers to stm32f10x_gpio.o(.text) for GPIO_PinRemapConfig
    key.o(.text) refers to delay.o(.text) for delay_ms
    key.o(.text) refers to key.o(.data) for key_up
    cjson.o(.text) refers to tolower.o(.text) for tolower
    cjson.o(.text) refers to strlen.o(.text) for strlen
    cjson.o(.text) refers to memcpya.o(.text) for __aeabi_memcpy
    cjson.o(.text) refers to memseta.o(.text) for __aeabi_memclr4
    cjson.o(.text) refers to dflti.o(.text) for __aeabi_i2d
    cjson.o(.text) refers to dmul.o(.text) for __aeabi_dmul
    cjson.o(.text) refers to dadd.o(.text) for __aeabi_dadd
    cjson.o(.text) refers to pow.o(i.pow) for pow
    cjson.o(.text) refers to dfixi.o(.text) for __aeabi_d2iz
    cjson.o(.text) refers to cdcmple.o(.text) for __aeabi_cdcmpeq
    cjson.o(.text) refers to cdrcmple.o(.text) for __aeabi_cdrcmple
[...]
    ../clib/microlib/init/entry.s            0x00000000   Number         0  entry8a.o ABSOLUTE
    ../clib/microlib/init/entry.s            0x00000000   Number         0  entry8b.o ABSOLUTE
    ../clib/microlib/init/entry.s            0x00000000   Number         0  entry9a.o ABSOLUTE
    ../clib/microlib/init/entry.s            0x00000000   Number         0  entry9b.o ABSOLUTE
    ../clib/microlib/init/entry.s            0x00000000   Number         0  entry11b.o ABSOLUTE
    ../clib/microlib/init/entry.s            0x00000000   Number         0  entry10a.o ABSOLUTE
    ../clib/microlib/init/entry.s            0x00000000   Number         0  entry.o ABSOLUTE
    ../clib/microlib/init/entry.s            0x00000000   Number         0  entry10b.o ABSOLUTE
    ../clib/microlib/longlong.c              0x00000000   Number         0  llshl.o ABSOLUTE
    ../clib/microlib/longlong.c              0x00000000   Number         0  llsshr.o ABSOLUTE
    ../clib/microlib/longlong.c              0x00000000   Number         0  llushr.o ABSOLUTE
    ../clib/microlib/printf/printf.c         0x00000000   Number         0  printf2.o ABSOLUTE
    ../clib/microlib/printf/printf.c         0x00000000   Number         0  printf5.o ABSOLUTE
    ../clib/microlib/printf/printf.c         0x00000000   Number         0  printfb.o ABSOLUTE
    ../clib/microlib/printf/printf.c         0x00000000   Number         0  printf0.o ABSOLUTE
    ../clib/microlib/printf/printf.c         0x00000000   Number         0  printf4.o ABSOLUTE
    ../clib/microlib/printf/printf.c         0x00000000   Number         0  printf3.o ABSOLUTE
    ../clib/microlib/printf/printf.c         0x00000000   Number         0  printfa.o ABSOLUTE
    ../clib/microlib/printf/printf.c         0x00000000   Number         0  printf1.o ABSOLUTE
    ../clib/microlib/printf/printf.c         0x00000000   Number         0  printf8.o ABSOLUTE
    ../clib/microlib/printf/printf.c         0x00000000   Number         0  printf7.o ABSOLUTE
    ../clib/microlib/printf/printf.c         0x00000000   Number         0  printf6.o ABSOLUTE
    ../clib/microlib/printf/stubs.s          0x00000000   Number         0  stubs.o ABSOLUTE
    ../clib/microlib/string/memcpy.c         0x00000000   Number         0  memcpya.o ABSOLUTE
    ../clib/microlib/string/memcpy.c         0x00000000   Number         0  memcpyb.o ABSOLUTE
    ../clib/microlib/string/memset.c         0x00000000   Number         0  memseta.o ABSOLUTE
    ../clib/microlib/string/strchr.c         0x00000000   Number         0  strchr.o ABSOLUTE
    ../clib/microlib/string/strcpy.c         0x00000000   Number         0  strcpy.o ABSOLUTE
    ../clib/microlib/string/strlen.c         0x00000000   Number         0  strlen.o ABSOLUTE
    ../clib/microlib/string/strncmp.c        0x00000000   Number         0  strncmp.o ABSOLUTE
    ../clib/microlib/string/strstr.c         0x00000000   Number         0  strstr.o ABSOLUTE
    ../clib/microlib/stubs.s                 0x00000000   Number         0  iusefp.o ABSOLUTE
    ../clib/microlib/stubs.s                 0x00000000   Number         0  useno.o ABSOLUTE
    ../fplib/microlib/f2d.c                  0x00000000   Number         0  f2d.o ABSOLUTE
    ../fplib/microlib/fpadd.c                0x00000000   Number         0  dadd.o ABSOLUTE
    ../fplib/microlib/fpdiv.c                0x00000000   Number         0  ddiv.o ABSOLUTE
    ../fplib/microlib/fpepilogue.c           0x00000000   Number         0  depilogue.o ABSOLUTE
    ../fplib/microlib/fpfix.c                0x00000000   Number         0  dfixul.o ABSOLUTE
    ../fplib/microlib/fpfix.c                0x00000000   Number         0  dfixi.o ABSOLUTE
    ../fplib/microlib/fpflt.c                0x00000000   Number         0  dflti.o ABSOLUTE
    ../fplib/microlib/fpmul.c                0x00000000   Number         0  dmul.o ABSOLUTE
    ../fplib/microlib/fpscalb.c              0x00000000   Number         0  dscalb.o ABSOLUTE
    ../fplib/microlib/fpsqrt.c               0x00000000   Number         0  dsqrt.o ABSOLUTE
    ../mathlib/dunder.c                      0x00000000   Number         0  dunder.o ABSOLUTE
    ../mathlib/floor.c                       0x00000000   Number         0  floor.o ABSOLUTE
    ../mathlib/fpclassify.c                  0x00000000   Number         0  fpclassify.o ABSOLUTE
    ../mathlib/poly.c                        0x00000000   Number         0  poly.o ABSOLUTE
    ../mathlib/pow.c                         0x00000000   Number         0  pow.o ABSOLUTE
    ../mathlib/pow.c                         0x00000000   Number         0  pow_x.o ABSOLUTE
    ../mathlib/qnan.c                        0x00000000   Number         0  qnan.o ABSOLUTE
    ../mathlib/sqrt.c                        0x00000000   Number         0  sqrt_x.o ABSOLUTE
    ../mathlib/sqrt.c                        0x00000000   Number         0  sqrt.o ABSOLUTE
    ..\CORE\core_cm3.c                       0x00000000   Number         0  core_cm3.o ABSOLUTE
    ..\CORE\startup_stm32f10x_hd.s           0x00000000   Number         0  startup_stm32f10x_hd.o ABSOLUTE
    ..\HARDWARE\Cjson\cJSON.c                0x00000000   Number         0  cjson.o ABSOLUTE
    ..\HARDWARE\ESP8266\esp8266.c            0x00000000   Number         0  esp8266.o ABSOLUTE
    ..\HARDWARE\EXTI\exti.c                  0x00000000   Number         0  exti.o ABSOLUTE
    ..\HARDWARE\KEY\key.c                    0x00000000   Number         0  key.o ABSOLUTE
    ..\HARDWARE\LED\led.c                    0x00000000   Number         0  led.o ABSOLUTE
    ..\HARDWARE\MALLOC\malloc.c              0x00000000   Number         0  malloc.o ABSOLUTE
    ..\HARDWARE\OLED\oled.c                  0x00000000   Number         0  oled.o ABSOLUTE
    ..\HARDWARE\TIMER\timer.c                0x00000000   Number         0  timer.o ABSOLUTE
    ..\HARDWARE\USART3\usart3.c              0x00000000   Number         0  usart3.o ABSOLUTE
    ..\STM32F10x_FWLib\src\misc.c            0x00000000   Number         0  misc.o ABSOLUTE
    ..\STM32F10x_FWLib\src\stm32f10x_exti.c  0x00000000   Number         0  stm32f10x_exti.o ABSOLUTE
    ..\STM32F10x_FWLib\src\stm32f10x_gpio.c  0x00000000   Number         0  stm32f10x_gpio.o ABSOLUTE
    ..\STM32F10x_FWLib\src\stm32f10x_rcc.c   0x00000000   Number         0  stm32f10x_rcc.o ABSOLUTE
    ..\STM32F10x_FWLib\src\stm32f10x_tim.c   0x00000000   Number         0  stm32f10x_tim.o ABSOLUTE
    ..\STM32F10x_FWLib\src\stm32f10x_usart.c 0x00000000   Number         0  stm32f10x_usart.o ABSOLUTE
    ..\SYSTEM\delay\delay.c                  0x00000000   Number         0  delay.o ABSOLUTE
    ..\SYSTEM\sys\sys.c                      0x00000000   Number         0  sys.o ABSOLUTE
    ..\SYSTEM\usart\usart.c                  0x00000000   Number         0  usart.o ABSOLUTE
    ..\\CORE\\core_cm3.c                     0x00000000   Number         0  core_cm3.o ABSOLUTE
    ..\\SYSTEM\\sys\\sys.c                   0x00000000   Number         0  sys.o ABSOLUTE
    cdcmple.s                                0x00000000   Number         0  cdcmple.o ABSOLUTE
    cdrcmple.s                               0x00000000   Number         0  cdrcmple.o ABSOLUTE
    dc.s                                     0x00000000   Number         0  dc.o ABSOLUTE
    handlers.s                               0x00000000   Number         0  handlers.o ABSOLUTE
    init.s                                   0x00000000   Number         0  init.o ABSOLUTE
    main.c                                   0x00000000   Number         0  main.o ABSOLUTE
    stm32f10x_it.c                           0x00000000   Number         0  stm32f10x_it.o ABSOLUTE
    system_stm32f10x.c                       0x00000000   Number         0  system_stm32f10x.o ABSOLUTE
    RESET                                    0x08000000   Section      304  startup_stm32f10x_hd.o(RESET)
    .ARM.Collect$$$$00000000                 0x08000130   Section        0  entry.o(.ARM.Collect$$$$00000000)
    .ARM.Collect$$$$00000001                 0x08000130   Section        4  entry2.o(.ARM.Collect$$$$00000001)
    .ARM.Collect$$$$00000004                 0x08000134   Section        4  entry5.o(.ARM.Collect$$$$00000004)
    .ARM.Collect$$$$00000008                 0x08000138   Section        0  entry7b.o(.ARM.Collect$$$$00000008)
    .ARM.Collect$$$$0000000A                 0x08000138   Section        0  entry8b.o(.ARM.Collect$$$$0000000A)
    .ARM.Collect$$$$0000000B                 0x08000138   Section        8  entry9a.o(.ARM.Collect$$$$0000000B)
    .ARM.Collect$$$$0000000D                 0x08000140   Section        0  entry10a.o(.ARM.Collect$$$$0000000D)
    .ARM.Collect$$$$0000000F                 0x08000140   Section        0  entry11a.o(.ARM.Collect$$$$0000000F)
    .ARM.Collect$$$$00002712                 0x08000140   Section        4  entry2.o(.ARM.Collect$$$$00002712)
    __lit__00000000                          0x08000140   Data           4  entry2.o(.ARM.Collect$$$$00002712)
    .text                                    0x08000144   Section        0  main.o(.text)
    .text                                    0x080004e4   Section        0  stm32f10x_it.o(.text)
    .text                                    0x08000500   Section        0  system_stm32f10x.o(.text)
    SetSysClockTo72                          0x08000501   Thumb Code   214  system_stm32f10x.o(.text)
    SetSysClock                              0x080005d7   Thumb Code     8  system_stm32f10x.o(.text)
    .text                                    0x080006e0   Section        0  esp8266.o(.text)
    .text                                    0x080014c0   Section        0  timer.o(.text)
    .text                                    0x080015c8   Section        0  usart3.o(.text)
    .text                                    0x08001748   Section        0  led.o(.text)
    .text                                    0x0800177c   Section        0  malloc.o(.text)
    .text                                    0x080019e4   Section        0  exti.o(.text)
    .text                                    0x08001af8   Section        0  key.o(.text)
    .text                                    0x08001bf4   Section        0  cjson.o(.text)
    cJSON_strcasecmp                         0x08001bfb   Thumb Code    76  cjson.o(.text)
    cJSON_strdup                             0x08001c47   Thumb Code    40  cjson.o(.text)
    cJSON_New_Item                           0x08001c9f   Thumb Code    26  cjson.o(.text)
    parse_number                             0x08001d0b   Thumb Code   432  cjson.o(.text)
    pow2gt                                   0x08001ebb   Thumb Code    28  cjson.o(.text)
    ensure                                   0x08001ed7   Thumb Code   104  cjson.o(.text)
    update                                   0x08001f3f   Thumb Code    32  cjson.o(.text)
    print_number                             0x08001f5f   Thumb Code   396  cjson.o(.text)
    parse_hex4                               0x080020eb   Thumb Code   276  cjson.o(.text)
    parse_string                             0x080021ff   Thumb Code   448  cjson.o(.text)
    print_string_ptr                         0x080023bf   Thumb Code   498  cjson.o(.text)
    print_string                             0x080025b1   Thumb Code    16  cjson.o(.text)
    skip                                     0x080025c1   Thumb Code    18  cjson.o(.text)
    parse_object                             0x080025d3   Thumb Code   270  cjson.o(.text)
    parse_array                              0x080026e1   Thumb Code   166  cjson.o(.text)
    parse_value                              0x08002787   Thumb Code   158  cjson.o(.text)
    print_object                             0x080028cd   Thumb Code  1052  cjson.o(.text)
    print_array                              0x08002ce9   Thumb Code   578  cjson.o(.text)
    print_value                              0x08002f2b   Thumb Code   290  cjson.o(.text)
    suffix_object                            0x080030e7   Thumb Code     6  cjson.o(.text)
    create_reference                         0x080030ed   Thumb Code    48  cjson.o(.text)
    .text                                    0x08003674   Section        0  oled.o(.text)
    .text                                    0x08003c8c   Section        0  delay.o(.text)
    .text                                    0x08003d60   Section        0  usart.o(.text)
    .text                                    0x08003ea0   Section       36  startup_stm32f10x_hd.o(.text)
    .text                                    0x08003ec4   Section        0  misc.o(.text)
    .text                                    0x08003fa0   Section        0  stm32f10x_gpio.o(.text)
    .text                                    0x080042fc   Section        0  stm32f10x_rcc.o(.text)
    .text                                    0x080046a0   Section        0  stm32f10x_usart.o(.text)
    .text                                    0x08004aa8   Section        0  stm32f10x_tim.o(.text)
    TI4_Config                               0x08004f4f   Thumb Code   130  stm32f10x_tim.o(.text)
    TI3_Config                               0x08004fe3   Thumb Code   122  stm32f10x_tim.o(.text)
    TI2_Config                               0x08005077   Thumb Code   130  stm32f10x_tim.o(.text)
    TI1_Config                               0x0800510b   Thumb Code   108  stm32f10x_tim.o(.text)
    .text                                    0x080058c4   Section        0  stm32f10x_exti.o(.text)
    .text                                    0x080059e0   Section        0  tolower.o(.text)
    .text                                    0x080059ec   Section        0  memcpya.o(.text)
    .text                                    0x08005a10   Section        0  memseta.o(.text)
    .text                                    0x08005a34   Section        0  strstr.o(.text)
    .text                                    0x08005a58   Section        0  strchr.o(.text)
    .text                                    0x08005a6c   Section        0  strlen.o(.text)
    .text                                    0x08005a7a   Section        0  strcpy.o(.text)
    .text                                    0x08005a8c   Section        0  strncmp.o(.text)
    .text                                    0x08005aaa   Section        0  dadd.o(.text)
    .text                                    0x08005bf8   Section        0  dmul.o(.text)
    .text                                    0x08005cdc   Section        0  dflti.o(.text)
    .text                                    0x08005cfe   Section        0  dfixi.o(.text)
    .text                                    0x08005d3c   Section        0  f2d.o(.text)
    .text                                    0x08005d64   Section       48  cdcmple.o(.text)
    .text                                    0x08005d94   Section       48  cdrcmple.o(.text)
    .text                                    0x08005dc4   Section        0  uidiv.o(.text)
    .text                                    0x08005df0   Section        0  uldiv.o(.text)
    .text                                    0x08005e52   Section        0  llshl.o(.text)
    .text                                    0x08005e70   Section        0  llushr.o(.text)
    .text                                    0x08005e90   Section        0  llsshr.o(.text)
    .text                                    0x08005eb4   Section        0  iusefp.o(.text)
    .text                                    0x08005eb4   Section        0  depilogue.o(.text)
    .text                                    0x08005f6e   Section        0  ddiv.o(.text)
    .text                                    0x0800604c   Section        0  dscalb.o(.text)
    .text                                    0x0800607a   Section        0  dfixul.o(.text)
    .text                                    0x080060ac   Section       36  init.o(.text)
    .text                                    0x080060d0   Section        0  dsqrt.o(.text)
    .text                                    0x08006172   Section        0  __dczerorl2.o(.text)
    i.__0printf                              0x080061c8   Section        0  printfa.o(i.__0printf)
    i.__0sprintf                             0x080061e8   Section        0  printfa.o(i.__0sprintf)
    i.__0vsprintf                            0x08006210   Section        0  printfa.o(i.__0vsprintf)
    i.__ARM_fpclassify                       0x08006234   Section        0  fpclassify.o(i.__ARM_fpclassify)
    i.__kernel_poly                          0x0800625c   Section        0  poly.o(i.__kernel_poly)
    i.__mathlib_dbl_divzero                  0x08006308   Section        0  dunder.o(i.__mathlib_dbl_divzero)
    i.__mathlib_dbl_infnan2                  0x08006318   Section        0  dunder.o(i.__mathlib_dbl_infnan2)
    i.__mathlib_dbl_invalid                  0x0800631c   Section        0  dunder.o(i.__mathlib_dbl_invalid)
    i.__mathlib_dbl_overflow                 0x08006328   Section        0  dunder.o(i.__mathlib_dbl_overflow)
    i.__mathlib_dbl_underflow                0x08006338   Section        0  dunder.o(i.__mathlib_dbl_underflow)
    i.__scatterload_copy                     0x08006348   Section       14  handlers.o(i.__scatterload_copy)
    i.__scatterload_null                     0x08006356   Section        2  handlers.o(i.__scatterload_null)
    i.__scatterload_zeroinit                 0x08006358   Section       14  handlers.o(i.__scatterload_zeroinit)
    i.__set_errno                            0x08006368   Section        0  errno.o(i.__set_errno)
    i._fp_digits                             0x08006374   Section        0  printfa.o(i._fp_digits)
    _fp_digits                               0x08006375   Thumb Code   334  printfa.o(i._fp_digits)
    i._printf_core                           0x080064d8   Section        0  printfa.o(i._printf_core)
    _printf_core                             0x080064d9   Thumb Code  1744  printfa.o(i._printf_core)
    i._printf_post_padding                   0x08006bb4   Section        0  printfa.o(i._printf_post_padding)
    _printf_post_padding                     0x08006bb5   Thumb Code    36  printfa.o(i._printf_post_padding)
    i._printf_pre_padding                    0x08006bd8   Section        0  printfa.o(i._printf_pre_padding)
    _printf_pre_padding                      0x08006bd9   Thumb Code    46  printfa.o(i._printf_pre_padding)
    i._sputc                                 0x08006c06   Section        0  printfa.o(i._sputc)
    _sputc                                   0x08006c07   Thumb Code    10  printfa.o(i._sputc)
    i.floor                                  0x08006c10   Section        0  floor.o(i.floor)
    i.pow                                    0x08006cec   Section        0  pow.o(i.pow)
    i.sqrt                                   0x080076c4   Section        0  sqrt.o(i.sqrt)
    .constdata                               0x08007710   Section       24  esp8266.o(.constdata)
    .constdata                               0x08007728   Section       24  malloc.o(.constdata)
    .constdata                               0x08007740   Section        7  cjson.o(.constdata)
    firstByteMark                            0x08007740   Data           7  cjson.o(.constdata)
    .constdata                               0x08007747   Section     2072  oled.o(.constdata)
    .constdata                               0x08007f60   Section      136  pow.o(.constdata)
    bp                                       0x08007f60   Data          16  pow.o(.constdata)
    dp_h                                     0x08007f70   Data          16  pow.o(.constdata)
    dp_l                                     0x08007f80   Data          16  pow.o(.constdata)
    L                                        0x08007f90   Data          48  pow.o(.constdata)
    P                                        0x08007fc0   Data          40  pow.o(.constdata)
    .constdata                               0x08007fe8   Section        8  qnan.o(.constdata)
    .conststring                             0x08007ff0   Section      370  esp8266.o(.conststring)
    .data                                    0x20000000   Section       16  main.o(.data)
    .data                                    0x20000010   Section       20  system_stm32f10x.o(.data)
    .data                                    0x20000024   Section       20  esp8266.o(.data)
    .data                                    0x20000038   Section        2  usart3.o(.data)
    .data                                    0x2000003c   Section       28  malloc.o(.data)
    .data                                    0x20000058   Section        1  key.o(.data)
    key_up                                   0x20000058   Data           1  key.o(.data)
    .data                                    0x2000005c   Section       12  cjson.o(.data)
    ep                                       0x2000005c   Data           4  cjson.o(.data)
    cJSON_malloc                             0x20000060   Data           4  cjson.o(.data)
    cJSON_free                               0x20000064   Data           4  cjson.o(.data)
    .data                                    0x20000068   Section     1408  oled.o(.data)
    .data                                    0x200005e8   Section        4  delay.o(.data)
    fac_us                                   0x200005e8   Data           1  delay.o(.data)
    fac_ms                                   0x200005ea   Data           2  delay.o(.data)
    .data                                    0x200005ec   Section        6  usart.o(.data)
    .data                                    0x200005f2   Section       20  stm32f10x_rcc.o(.data)
    APBAHBPrescTable                         0x200005f2   Data          16  stm32f10x_rcc.o(.data)
    ADCPrescTable                            0x20000602   Data           4  stm32f10x_rcc.o(.data)
    .data                                    0x20000608   Section        4  errno.o(.data)
    _errno                                   0x20000608   Data           4  errno.o(.data)
    .bss                                     0x2000060c   Section      384  esp8266.o(.bss)
    .bss                                     0x2000078c   Section     1200  usart3.o(.bss)
    .bss                                     0x20000c40   Section    43520  malloc.o(.bss)
    .bss                                     0x2000b640   Section      200  usart.o(.bss)
    STACK                                    0x2000b708   Section     1024  startup_stm32f10x_hd.o(STACK)
    .ARM.__AT_0x68000000                     0x68000000   Section    983040  malloc.o(.ARM.__AT_0x68000000)
    .ARM.__AT_0x680F0000                     0x680f0000   Section    61440  malloc.o(.ARM.__AT_0x680F0000)

    Global Symbols

    Symbol Name                              Value     Ov Type        Size  Object(Section)

    BuildAttributes$$THM_ISAv4$P$D$K$B$S$PE$A:L22UL41UL21$X:L11$S22US41US21$IEEE1$IW$USESV6$~STKCKD$USESV7$~SHL$OTIME$ROPI$IEEEX$EBA8$MICROLIB$REQ8$PRES8$EABIv2 0x00000000   Number         0  anon$$obj.o ABSOLUTE
    __ARM_use_no_argv                        0x00000000   Number         0  main.o ABSOLUTE
    __use_no_errno                           0x00000000   Number         0  useno.o ABSOLUTE
    __use_no_exception_handling              0x00000000   Number         0  useno.o ABSOLUTE
    __use_no_fp                              0x00000000   Number         0  useno.o ABSOLUTE
    __use_no_heap                            0x00000000   Number         0  useno.o ABSOLUTE
    __use_no_heap_region                     0x00000000   Number         0  useno.o ABSOLUTE
    __use_no_semihosting                     0x00000000   Number         0  useno.o ABSOLUTE
    __use_no_semihosting_swi                 0x00000000   Number         0  useno.o ABSOLUTE
    __use_no_signal_handling                 0x00000000   Number         0  useno.o ABSOLUTE
    _printf_a                                0x00000000   Number         0  stubs.o ABSOLUTE
    _printf_c                                0x00000000   Number         0  stubs.o ABSOLUTE
    _printf_charcount                        0x00000000   Number         0  stubs.o ABSOLUTE
    _printf_d                                0x00000000   Number         0  stubs.o ABSOLUTE
    _printf_e                                0x00000000   Number         0  stubs.o ABSOLUTE
    _printf_f                                0x00000000   Number         0  stubs.o ABSOLUTE
    _printf_flags                            0x00000000   Number         0  stubs.o ABSOLUTE
    _printf_fp_dec                           0x00000000   Number         0  stubs.o ABSOLUTE
    _printf_fp_hex                           0x00000000   Number         0  stubs.o ABSOLUTE
    _printf_g                                0x00000000   Number         0  stubs.o ABSOLUTE
    _printf_i                                0x00000000   Number         0  stubs.o ABSOLUTE
    _printf_int_dec                          0x00000000   Number         0  stubs.o ABSOLUTE
    _printf_l                                0x00000000   Number         0  stubs.o ABSOLUTE
    _printf_lc                               0x00000000   Number         0  stubs.o ABSOLUTE
    _printf_ll                               0x00000000   Number         0  stubs.o ABSOLUTE
    _printf_lld                              0x00000000   Number         0  stubs.o ABSOLUTE
    _printf_lli                              0x00000000   Number         0  stubs.o ABSOLUTE
    _printf_llo                              0x00000000   Number         0  stubs.o ABSOLUTE
    _printf_llu                              0x00000000   Number         0  stubs.o ABSOLUTE
    _printf_llx                              0x00000000   Number         0  stubs.o ABSOLUTE
    _printf_longlong_dec                     0x00000000   Number         0  stubs.o ABSOLUTE
    _printf_longlong_hex                     0x00000000   Number         0  stubs.o ABSOLUTE
    _printf_longlong_oct                     0x00000000   Number         0  stubs.o ABSOLUTE
    _printf_ls                               0x00000000   Number         0  stubs.o ABSOLUTE
    _printf_mbtowc                           0x00000000   Number         0  stubs.o ABSOLUTE
    _printf_n                                0x00000000   Number         0  stubs.o ABSOLUTE
    _printf_o                                0x00000000   Number         0  stubs.o ABSOLUTE
    _printf_p                                0x00000000   Number         0  stubs.o ABSOLUTE
    _printf_percent                          0x00000000   Number         0  stubs.o ABSOLUTE
    _printf_pre_padding                      0x00000000   Number         0  stubs.o ABSOLUTE
    _printf_return_value                     0x00000000   Number         0  stubs.o ABSOLUTE
    _printf_s                                0x00000000   Number         0  stubs.o ABSOLUTE
    _printf_sizespec                         0x00000000   Number         0  stubs.o ABSOLUTE
    _printf_str                              0x00000000   Number         0  stubs.o ABSOLUTE
    _printf_truncate_signed                  0x00000000   Number         0  stubs.o ABSOLUTE
    _printf_truncate_unsigned                0x00000000   Number         0  stubs.o ABSOLUTE
    _printf_u                                0x00000000   Number         0  stubs.o ABSOLUTE
    _printf_wc                               0x00000000   Number         0  stubs.o ABSOLUTE
    _printf_wctomb                           0x00000000   Number         0  stubs.o ABSOLUTE
    _printf_widthprec                        0x00000000   Number         0  stubs.o ABSOLUTE
    _printf_x                                0x00000000   Number         0  stubs.o ABSOLUTE
    __cpp_initialize__aeabi_                  - Undefined Weak Reference
    __cxa_finalize                            - Undefined Weak Reference
    _clock_init                               - Undefined Weak Reference
    _microlib_exit                            - Undefined Weak Reference
    __Vectors_Size                           0x00000130   Number         0  startup_stm32f10x_hd.o ABSOLUTE
    __Vectors                                0x08000000   Data           4  startup_stm32f10x_hd.o(RESET)
    __Vectors_End                            0x08000130   Data           0  startup_stm32f10x_hd.o(RESET)
    __main                                   0x08000131   Thumb Code     0  entry.o(.ARM.Collect$$$$00000000)
    _main_stk                                0x08000131   Thumb Code     0  entry2.o(.ARM.Collect$$$$00000001)
    _main_scatterload                        0x08000135   Thumb Code     0  entry5.o(.ARM.Collect$$$$00000004)
    __main_after_scatterload                 0x08000139   Thumb Code     0  entry5.o(.ARM.Collect$$$$00000004)
    _main_clock                              0x08000139   Thumb Code     0  entry7b.o(.ARM.Collect$$$$00000008)
    _main_cpp_init                           0x08000139   Thumb Code     0  entry8b.o(.ARM.Collect$$$$0000000A)
    _main_init                               0x08000139   Thumb Code     0  entry9a.o(.ARM.Collect$$$$0000000B)
    __rt_final_cpp                           0x08000141   Thumb Code     0  entry10a.o(.ARM.Collect$$$$0000000D)
    __rt_final_exit                          0x08000141   Thumb Code     0  entry11a.o(.ARM.Collect$$$$0000000F)
    main                                     0x08000145   Thumb Code   880  main.o(.text)
    NMI_Handler                              0x080004e5   Thumb Code     2  stm32f10x_it.o(.text)
    HardFault_Handler                        0x080004e7   Thumb Code     4  stm32f10x_it.o(.text)
    MemManage_Handler                        0x080004eb   Thumb Code     4  stm32f10x_it.o(.text)
    BusFault_Handler                         0x080004ef   Thumb Code     4  stm32f10x_it.o(.text)
    UsageFault_Handler                       0x080004f3   Thumb Code     4  stm32f10x_it.o(.text)
    SVC_Handler                              0x080004f7   Thumb Code     2  stm32f10x_it.o(.text)
    DebugMon_Handler                         0x080004f9   Thumb Code     2  stm32f10x_it.o(.text)
    PendSV_Handler                           0x080004fb   Thumb Code     2  stm32f10x_it.o(.text)
    SysTick_Handler                          0x080004fd   Thumb Code     2  stm32f10x_it.o(.text)
    SystemInit                               0x080005df   Thumb Code    78  system_stm32f10x.o(.text)
    SystemCoreClockUpdate                    0x0800062d   Thumb Code   142  system_stm32f10x.o(.text)
    esp8266_check_cmd                        0x080006e1   Thumb Code    44  esp8266.o(.text)
    esp8266_send_cmd                         0x0800070d   Thumb Code    92  esp8266.o(.text)
    esp8266_start_trans                      0x08000769   Thumb Code   162  esp8266.o(.text)
    esp8266_quit_trans                       0x0800080b   Thumb Code   100  esp8266.o(.text)
    cJSON_WeatherParse                       0x0800086f   Thumb Code   576  esp8266.o(.text)
    get_current_weather                      0x08000aaf   Thumb Code   776  esp8266.o(.text)
    Is_Leap_Year                             0x08000db7   Thumb Code    58  esp8266.o(.text)
    RTC_Set                                  0x08000df1   Thumb Code   130  esp8266.o(.text)
    get_beijing_time                         0x08000e73   Thumb Code  1222  esp8266.o(.text)
    atk_8266_check_cmd                       0x08001339   Thumb Code    44  esp8266.o(.text)
    atk_8266_get_wanip                       0x08001365   Thumb Code    62  esp8266.o(.text)
    atk_8266_send_cmd                        0x080013a3   Thumb Code    96  esp8266.o(.text)
    TIM7_IRQHandler                          0x080014c1   Thumb Code    42  timer.o(.text)
    TIM7_Int_Init                            0x080014eb   Thumb Code    90  timer.o(.text)
    TIM3_Int_Init                            0x08001545   Thumb Code    82  timer.o(.text)
    TIM3_IRQHandler                          0x08001597   Thumb Code    32  timer.o(.text)
    USART3_IRQHandler                        0x080015c9   Thumb Code    94  usart3.o(.text)
    usart3_init                              0x08001627   Thumb Code   192  usart3.o(.text)
    u3_printf                                0x080016e7   Thumb Code    72  usart3.o(.text)
    LED_Init                                 0x08001749   Thumb Code    46  led.o(.text)
    mymemcpy                                 0x0800177d   Thumb Code    26  malloc.o(.text)
    mymemset                                 0x08001797   Thumb Code    20  malloc.o(.text)
    my_mem_init                              0x080017ab   Thumb Code    54  malloc.o(.text)
    my_mem_perused                           0x080017e1   Thumb Code    54  malloc.o(.text)
    my_mem_malloc                            0x08001817   Thumb Code   154  malloc.o(.text)
    my_mem_free                              0x080018b1   Thumb Code    94  malloc.o(.text)
    myfree                                   0x0800190f   Thumb Code    32  malloc.o(.text)
    mymalloc                                 0x0800192f   Thumb Code    36  malloc.o(.text)
    myrealloc                                0x08001953   Thumb Code    68  malloc.o(.text)
    my_malloc                                0x08001997   Thumb Code    32  malloc.o(.text)
    my_free                                  0x080019b7   Thumb Code    28  malloc.o(.text)
    EXTIX_Init                               0x080019e5   Thumb Code   212  exti.o(.text)
    EXTI0_IRQHandler                         0x08001ab9   Thumb Code    50  exti.o(.text)
    KEY_Init                                 0x08001af9   Thumb Code    82  key.o(.text)
    KEY_Scan                                 0x08001b4b   Thumb Code   154  key.o(.text)
    cJSON_GetErrorPtr                        0x08001bf5   Thumb Code     6  cjson.o(.text)
    cJSON_InitHooks                          0x08001c6f   Thumb Code    48  cjson.o(.text)
    cJSON_Delete                             0x08001cb9   Thumb Code    82  cjson.o(.text)
    cJSON_ParseWithOpts                      0x08002825   Thumb Code   152  cjson.o(.text)
    cJSON_Parse                              0x080028bd   Thumb Code    16  cjson.o(.text)
    cJSON_Print                              0x0800304d   Thumb Code    18  cjson.o(.text)
    cJSON_PrintUnformatted                   0x0800305f   Thumb Code    18  cjson.o(.text)
    cJSON_PrintBuffered                      0x08003071   Thumb Code    52  cjson.o(.text)
    cJSON_GetArraySize                       0x080030a5   Thumb Code    18  cjson.o(.text)
    cJSON_GetArrayItem                       0x080030b7   Thumb Code    18  cjson.o(.text)
    cJSON_GetObjectItem                      0x080030c9   Thumb Code    30  cjson.o(.text)
    cJSON_AddItemToArray                     0x0800311d   Thumb Code    42  cjson.o(.text)
    cJSON_AddItemToObject                    0x08003147   Thumb Code    44  cjson.o(.text)
    cJSON_AddItemToObjectCS                  0x08003173   Thumb Code    54  cjson.o(.text)
    cJSON_AddItemReferenceToArray            0x080031a9   Thumb Code    24  cjson.o(.text)
    cJSON_AddItemReferenceToObject           0x080031c1   Thumb Code    32  cjson.o(.text)
    cJSON_DetachItemFromArray                0x080031e1   Thumb Code    66  cjson.o(.text)
    cJSON_DeleteItemFromArray                0x08003223   Thumb Code    22  cjson.o(.text)
    cJSON_DetachItemFromObject               0x08003239   Thumb Code    50  cjson.o(.text)
    cJSON_DeleteItemFromObject               0x0800326b   Thumb Code    22  cjson.o(.text)
    cJSON_InsertItemInArray                  0x08003281   Thumb Code    64  cjson.o(.text)
    cJSON_ReplaceItemInArray                 0x080032c1   Thumb Code    76  cjson.o(.text)
    cJSON_ReplaceItemInObject                0x0800330d   Thumb Code    62  cjson.o(.text)
    cJSON_CreateNull                         0x0800334b   Thumb Code    18  cjson.o(.text)
    cJSON_CreateTrue                         0x0800335d   Thumb Code    18  cjson.o(.text)
    cJSON_CreateFalse                        0x0800336f   Thumb Code    18  cjson.o(.text)
    cJSON_CreateBool                         0x08003381   Thumb Code    26  cjson.o(.text)
    cJSON_CreateNumber                       0x0800339b   Thumb Code    36  cjson.o(.text)
    cJSON_CreateString                       0x080033bf   Thumb Code    28  cjson.o(.text)
    cJSON_CreateArray                        0x080033db   Thumb Code    18  cjson.o(.text)
    cJSON_CreateObject                       0x080033ed   Thumb Code    18  cjson.o(.text)
    cJSON_CreateIntArray                     0x080033ff   Thumb Code    68  cjson.o(.text)
    cJSON_CreateFloatArray                   0x08003443   Thumb Code    68  cjson.o(.text)
    cJSON_CreateDoubleArray                  0x08003487   Thumb Code    68  cjson.o(.text)
    cJSON_CreateStringArray                  0x080034cb   Thumb Code    62  cjson.o(.text)
    cJSON_Duplicate                          0x08003509   Thumb Code   178  cjson.o(.text)
    cJSON_Minify                             0x080035bb   Thumb Code   186  cjson.o(.text)
    IIC_Start                                0x08003675   Thumb Code    44  oled.o(.text)
    IIC_Stop                                 0x080036a1   Thumb Code    34  oled.o(.text)
    IIC_Wait_Ack                             0x080036c3   Thumb Code    24  oled.o(.text)
    Write_IIC_Byte                           0x080036db   Thumb Code    88  oled.o(.text)
    Write_IIC_Command                        0x08003733   Thumb Code    44  oled.o(.text)
    Write_IIC_Data                           0x0800375f   Thumb Code    44  oled.o(.text)
    OLED_WR_Byte                             0x0800378b   Thumb Code    24  oled.o(.text)
    fill_picture                             0x080037a3   Thumb Code    64  oled.o(.text)
    Delay_50ms                               0x080037e3   Thumb Code    22  oled.o(.text)
    Delay_1ms                                0x080037f9   Thumb Code    26  oled.o(.text)
    OLED_Set_Pos                             0x08003813   Thumb Code    40  oled.o(.text)
    OLED_Display_On                          0x0800383b   Thumb Code    28  oled.o(.text)
    OLED_Display_Off                         0x08003857   Thumb Code    28  oled.o(.text)
    OLED_Clear                               0x08003873   Thumb Code    62  oled.o(.text)
    OLED_On                                  0x080038b1   Thumb Code    62  oled.o(.text)
    OLED_ShowChar                            0x080038ef   Thumb Code   154  oled.o(.text)
    oled_pow                                 0x08003989   Thumb Code    22  oled.o(.text)
    OLED_ShowNum                             0x0800399f   Thumb Code   136  oled.o(.text)
    OLED_ShowString                          0x08003a27   Thumb Code    70  oled.o(.text)
    OLED_ShowCHinese                         0x08003a6d   Thumb Code    98  oled.o(.text)
    OLED_DrawBMP                             0x08003acf   Thumb Code   118  oled.o(.text)
    OLED_Init                                0x08003b45   Thumb Code   314  oled.o(.text)
    delay_init                               0x08003c8d   Thumb Code    50  delay.o(.text)
    delay_us                                 0x08003cbf   Thumb Code    72  delay.o(.text)
    delay_ms                                 0x08003d07   Thumb Code    72  delay.o(.text)
    _sys_exit                                0x08003d61   Thumb Code     6  usart.o(.text)
    fputc                                    0x08003d67   Thumb Code    24  usart.o(.text)
    uart_init                                0x08003d7f   Thumb Code   152  usart.o(.text)
    USART1_IRQHandler                        0x08003e17   Thumb Code   122  usart.o(.text)
    Reset_Handler                            0x08003ea1   Thumb Code     8  startup_stm32f10x_hd.o(.text)
    ADC1_2_IRQHandler                        0x08003ebb   Thumb Code     0  startup_stm32f10x_hd.o(.text)
    ADC3_IRQHandler                          0x08003ebb   Thumb Code     0  startup_stm32f10x_hd.o(.text)
    CAN1_RX1_IRQHandler                      0x08003ebb   Thumb Code     0  startup_stm32f10x_hd.o(.text)
    CAN1_SCE_IRQHandler                      0x08003ebb   Thumb Code     0  startup_stm32f10x_hd.o(.text)
    DMA1_Channel1_IRQHandler                 0x08003ebb   Thumb Code     0  startup_stm32f10x_hd.o(.text)
    DMA1_Channel2_IRQHandler                 0x08003ebb   Thumb Code     0  startup_stm32f10x_hd.o(.text)
    DMA1_Channel3_IRQHandler                 0x08003ebb   Thumb Code     0  startup_stm32f10x_hd.o(.text)
    DMA1_Channel4_IRQHandler                 0x08003ebb   Thumb Code     0  startup_stm32f10x_hd.o(.text)
    DMA1_Channel5_IRQHandler                 0x08003ebb   Thumb Code     0  startup_stm32f10x_hd.o(.text)
    DMA1_Channel6_IRQHandler                 0x08003ebb   Thumb Code     0  startup_stm32f10x_hd.o(.text)
    DMA1_Channel7_IRQHandler                 0x08003ebb   Thumb Code     0  startup_stm32f10x_hd.o(.text)
    DMA2_Channel1_IRQHandler                 0x08003ebb   Thumb Code     0  startup_stm32f10x_hd.o(.text)
    DMA2_Channel2_IRQHandler                 0x08003ebb   Thumb Code     0  startup_stm32f10x_hd.o(.text)
    DMA2_Channel3_IRQHandler                 0x08003ebb   Thumb Code     0  startup_stm32f10x_hd.o(.text)
    DMA2_Channel4_5_IRQHandler               0x08003ebb   Thumb Code     0  startup_stm32f10x_hd.o(.text)
    EXTI15_10_IRQHandler                     0x08003ebb   Thumb Code     0  startup_stm32f10x_hd.o(.text)
    EXTI1_IRQHandler                         0x08003ebb   Thumb Code     0  startup_stm32f10x_hd.o(.text)
    EXTI2_IRQHandler                         0x08003ebb   Thumb Code     0  startup_stm32f10x_hd.o(.text)
    EXTI3_IRQHandler                         0x08003ebb   Thumb Code     0  startup_stm32f10x_hd.o(.text)
    EXTI4_IRQHandler                         0x08003ebb   Thumb Code     0  startup_stm32f10x_hd.o(.text)
    EXTI9_5_IRQHandler                       0x08003ebb   Thumb Code     0  startup_stm32f10x_hd.o(.text)
    FLASH_IRQHandler                         0x08003ebb   Thumb Code     0  startup_stm32f10x_hd.o(.text)
    FSMC_IRQHandler                          0x08003ebb   Thumb Code     0  startup_stm32f10x_hd.o(.text)
    I2C1_ER_IRQHandler                       0x08003ebb   Thumb Code     0  startup_stm32f10x_hd.o(.text)
    I2C1_EV_IRQHandler                       0x08003ebb   Thumb Code     0  startup_stm32f10x_hd.o(.text)
    I2C2_ER_IRQHandler                       0x08003ebb   Thumb Code     0  startup_stm32f10x_hd.o(.text)
    I2C2_EV_IRQHandler                       0x08003ebb   Thumb Code     0  startup_stm32f10x_hd.o(.text)
    PVD_IRQHandler                           0x08003ebb   Thumb Code     0  startup_stm32f10x_hd.o(.text)
    RCC_IRQHandler                           0x08003ebb   Thumb Code     0  startup_stm32f10x_hd.o(.text)
    RTCAlarm_IRQHandler                      0x08003ebb   Thumb Code     0  startup_stm32f10x_hd.o(.text)
    RTC_IRQHandler                           0x08003ebb   Thumb Code     0  startup_stm32f10x_hd.o(.text)
    SDIO_IRQHandler                          0x08003ebb   Thumb Code     0  startup_stm32f10x_hd.o(.text)
    SPI1_IRQHandler                          0x08003ebb   Thumb Code     0  startup_stm32f10x_hd.o(.text)
    SPI2_IRQHandler                          0x08003ebb   Thumb Code     0  startup_stm32f10x_hd.o(.text)
    SPI3_IRQHandler                          0x08003ebb   Thumb Code     0  startup_stm32f10x_hd.o(.text)
    TAMPER_IRQHandler                        0x08003ebb   Thumb Code     0  startup_stm32f10x_hd.o(.text)
    TIM1_BRK_IRQHandler                      0x08003ebb   Thumb Code     0  startup_stm32f10x_hd.o(.text)
    TIM1_CC_IRQHandler                       0x08003ebb   Thumb Code     0  startup_stm32f10x_hd.o(.text)
    TIM1_TRG_COM_IRQHandler                  0x08003ebb   Thumb Code     0  startup_stm32f10x_hd.o(.text)
    TIM1_UP_IRQHandler                       0x08003ebb   Thumb Code     0  startup_stm32f10x_hd.o(.text)
    TIM2_IRQHandler                          0x08003ebb   Thumb Code     0  startup_stm32f10x_hd.o(.text)
    TIM4_IRQHandler                          0x08003ebb   Thumb Code     0  startup_stm32f10x_hd.o(.text)
    TIM5_IRQHandler                          0x08003ebb   Thumb Code     0  startup_stm32f10x_hd.o(.text)
    TIM6_IRQHandler                          0x08003ebb   Thumb Code     0  startup_stm32f10x_hd.o(.text)
    TIM8_BRK_IRQHandler                      0x08003ebb   Thumb Code     0  startup_stm32f10x_hd.o(.text)
    TIM8_CC_IRQHandler                       0x08003ebb   Thumb Code     0  startup_stm32f10x_hd.o(.text)
    TIM8_TRG_COM_IRQHandler                  0x08003ebb   Thumb Code     0  startup_stm32f10x_hd.o(.text)
    TIM8_UP_IRQHandler                       0x08003ebb   Thumb Code     0  startup_stm32f10x_hd.o(.text)
    UART4_IRQHandler                         0x08003ebb   Thumb Code     0  startup_stm32f10x_hd.o(.text)
    UART5_IRQHandler                         0x08003ebb   Thumb Code     0  startup_stm32f10x_hd.o(.text)
    USART2_IRQHandler                        0x08003ebb   Thumb Code     0  startup_stm32f10x_hd.o(.text)
    USBWakeUp_IRQHandler                     0x08003ebb   Thumb Code     0  startup_stm32f10x_hd.o(.text)
    USB_HP_CAN1_TX_IRQHandler                0x08003ebb   Thumb Code     0  startup_stm32f10x_hd.o(.text)
    USB_LP_CAN1_RX0_IRQHandler               0x08003ebb   Thumb Code     0  startup_stm32f10x_hd.o(.text)
    WWDG_IRQHandler                          0x08003ebb   Thumb Code     0  startup_stm32f10x_hd.o(.text)
    NVIC_PriorityGroupConfig                 0x08003ec5   Thumb Code    10  misc.o(.text)
    NVIC_Init                                0x08003ecf   Thumb Code   100  misc.o(.text)
    NVIC_SetVectorTable                      0x08003f33   Thumb Code    14  misc.o(.text)
    NVIC_SystemLPConfig                      0x08003f41   Thumb Code    34  misc.o(.text)
    SysTick_CLKSourceConfig                  0x08003f63   Thumb Code    40  misc.o(.text)
    GPIO_DeInit                              0x08003fa1   Thumb Code   172  stm32f10x_gpio.o(.text)
    GPIO_AFIODeInit                          0x0800404d   Thumb Code    20  stm32f10x_gpio.o(.text)
    GPIO_Init                                0x08004061   Thumb Code   278  stm32f10x_gpio.o(.text)
    GPIO_StructInit                          0x08004177   Thumb Code    16  stm32f10x_gpio.o(.text)
    GPIO_ReadInputDataBit                    0x08004187   Thumb Code    18  stm32f10x_gpio.o(.text)
    GPIO_ReadInputData                       0x08004199   Thumb Code     8  stm32f10x_gpio.o(.text)
    GPIO_ReadOutputDataBit                   0x080041a1   Thumb Code    18  stm32f10x_gpio.o(.text)
    GPIO_ReadOutputData                      0x080041b3   Thumb Code     8  stm32f10x_gpio.o(.text)
    GPIO_SetBits                             0x080041bb   Thumb Code     4  stm32f10x_gpio.o(.text)
    GPIO_ResetBits                           0x080041bf   Thumb Code     4  stm32f10x_gpio.o(.text)
    GPIO_WriteBit                            0x080041c3   Thumb Code    10  stm32f10x_gpio.o(.text)
    GPIO_Write                               0x080041cd   Thumb Code     4  stm32f10x_gpio.o(.text)
    GPIO_PinLockConfig                       0x080041d1   Thumb Code    18  stm32f10x_gpio.o(.text)
    GPIO_EventOutputConfig                   0x080041e3   Thumb Code    26  stm32f10x_gpio.o(.text)
    GPIO_EventOutputCmd                      0x080041fd   Thumb Code     6  stm32f10x_gpio.o(.text)
    GPIO_PinRemapConfig                      0x08004203   Thumb Code   138  stm32f10x_gpio.o(.text)
    GPIO_EXTILineConfig                      0x0800428d   Thumb Code    66  stm32f10x_gpio.o(.text)
    GPIO_ETH_MediaInterfaceConfig            0x080042cf   Thumb Code     8  stm32f10x_gpio.o(.text)
    RCC_DeInit                               0x080042fd   Thumb Code    64  stm32f10x_rcc.o(.text)
    RCC_HSEConfig                            0x0800433d   Thumb Code    70  stm32f10x_rcc.o(.text)
    RCC_GetFlagStatus                        0x08004383   Thumb Code    56  stm32f10x_rcc.o(.text)
    RCC_WaitForHSEStartUp                    0x080043bb   Thumb Code    56  stm32f10x_rcc.o(.text)
    RCC_AdjustHSICalibrationValue            0x080043f3   Thumb Code    20  stm32f10x_rcc.o(.text)
    RCC_HSICmd                               0x08004407   Thumb Code     6  stm32f10x_rcc.o(.text)
    RCC_PLLConfig                            0x0800440d   Thumb Code    24  stm32f10x_rcc.o(.text)
    RCC_PLLCmd                               0x08004425   Thumb Code     6  stm32f10x_rcc.o(.text)
    RCC_SYSCLKConfig                         0x0800442b   Thumb Code    18  stm32f10x_rcc.o(.text)
    RCC_GetSYSCLKSource                      0x0800443d   Thumb Code    10  stm32f10x_rcc.o(.text)
    RCC_HCLKConfig                           0x08004447   Thumb Code    18  stm32f10x_rcc.o(.text)
    RCC_PCLK1Config                          0x08004459   Thumb Code    18  stm32f10x_rcc.o(.text)
    RCC_PCLK2Config                          0x0800446b   Thumb Code    20  stm32f10x_rcc.o(.text)
    RCC_ITConfig                             0x0800447f   Thumb Code    26  stm32f10x_rcc.o(.text)
    RCC_USBCLKConfig                         0x08004499   Thumb Code     8  stm32f10x_rcc.o(.text)
    RCC_ADCCLKConfig                         0x080044a1   Thumb Code    18  stm32f10x_rcc.o(.text)
    RCC_LSEConfig                            0x080044b3   Thumb Code    50  stm32f10x_rcc.o(.text)
    RCC_LSICmd                               0x080044e5   Thumb Code     6  stm32f10x_rcc.o(.text)
    RCC_RTCCLKConfig                         0x080044eb   Thumb Code    12  stm32f10x_rcc.o(.text)
    RCC_RTCCLKCmd                            0x080044f7   Thumb Code     8  stm32f10x_rcc.o(.text)
    RCC_GetClocksFreq                        0x080044ff   Thumb Code   192  stm32f10x_rcc.o(.text)
    RCC_AHBPeriphClockCmd                    0x080045bf   Thumb Code    26  stm32f10x_rcc.o(.text)
    RCC_APB2PeriphClockCmd                   0x080045d9   Thumb Code    26  stm32f10x_rcc.o(.text)
    RCC_APB1PeriphClockCmd                   0x080045f3   Thumb Code    26  stm32f10x_rcc.o(.text)
    RCC_APB2PeriphResetCmd                   0x0800460d   Thumb Code    26  stm32f10x_rcc.o(.text)
    RCC_APB1PeriphResetCmd                   0x08004627   Thumb Code    26  stm32f10x_rcc.o(.text)
    RCC_BackupResetCmd                       0x08004641   Thumb Code     8  stm32f10x_rcc.o(.text)
    RCC_ClockSecuritySystemCmd               0x08004649   Thumb Code     6  stm32f10x_rcc.o(.text)
    RCC_MCOConfig                            0x0800464f   Thumb Code     6  stm32f10x_rcc.o(.text)
    RCC_ClearFlag                            0x08004655   Thumb Code    14  stm32f10x_rcc.o(.text)
    RCC_GetITStatus                          0x08004663   Thumb Code    20  stm32f10x_rcc.o(.text)
    RCC_ClearITPendingBit                    0x08004677   Thumb Code     6  stm32f10x_rcc.o(.text)
    USART_DeInit                             0x080046a1   Thumb Code   134  stm32f10x_usart.o(.text)
    USART_Init                               0x08004727   Thumb Code   210  stm32f10x_usart.o(.text)
    USART_StructInit                         0x080047f9   Thumb Code    24  stm32f10x_usart.o(.text)
    USART_ClockInit                          0x08004811   Thumb Code    34  stm32f10x_usart.o(.text)
    USART_ClockStructInit                    0x08004833   Thumb Code    12  stm32f10x_usart.o(.text)
    USART_Cmd                                0x0800483f   Thumb Code    24  stm32f10x_usart.o(.text)
    USART_ITConfig                           0x08004857   Thumb Code    74  stm32f10x_usart.o(.text)
    USART_DMACmd                             0x080048a1   Thumb Code    18  stm32f10x_usart.o(.text)
    USART_SetAddress                         0x080048b3   Thumb Code    18  stm32f10x_usart.o(.text)
    USART_WakeUpConfig                       0x080048c5   Thumb Code    18  stm32f10x_usart.o(.text)
    USART_ReceiverWakeUpCmd                  0x080048d7   Thumb Code    24  stm32f10x_usart.o(.text)
    USART_LINBreakDetectLengthConfig         0x080048ef   Thumb Code    18  stm32f10x_usart.o(.text)
    USART_LINCmd                             0x08004901   Thumb Code    24  stm32f10x_usart.o(.text)
    USART_SendData                           0x08004919   Thumb Code     8  stm32f10x_usart.o(.text)
    USART_ReceiveData                        0x08004921   Thumb Code    10  stm32f10x_usart.o(.text)
    USART_SendBreak                          0x0800492b   Thumb Code    10  stm32f10x_usart.o(.text)
    USART_SetGuardTime                       0x08004935   Thumb Code    16  stm32f10x_usart.o(.text)
    USART_SetPrescaler                       0x08004945   Thumb Code    16  stm32f10x_usart.o(.text)
    USART_SmartCardCmd                       0x08004955   Thumb Code    24  stm32f10x_usart.o(.text)
    USART_SmartCardNACKCmd                   0x0800496d   Thumb Code    24  stm32f10x_usart.o(.text)
    USART_HalfDuplexCmd                      0x08004985   Thumb Code    24  stm32f10x_usart.o(.text)
    USART_OverSampling8Cmd                   0x0800499d   Thumb Code    22  stm32f10x_usart.o(.text)
    USART_OneBitMethodCmd                    0x080049b3   Thumb Code    24  stm32f10x_usart.o(.text)
    USART_IrDAConfig                         0x080049cb   Thumb Code    18  stm32f10x_usart.o(.text)
    USART_IrDACmd                            0x080049dd   Thumb Code    24  stm32f10x_usart.o(.text)
    USART_GetFlagStatus                      0x080049f5   Thumb Code    26  stm32f10x_usart.o(.text)
    USART_ClearFlag                          0x08004a0f   Thumb Code    18  stm32f10x_usart.o(.text)
    USART_GetITStatus                        0x08004a21   Thumb Code    84  stm32f10x_usart.o(.text)
    USART_ClearITPendingBit                  0x08004a75   Thumb Code    52  stm32f10x_usart.o(.text)
    TIM_DeInit                               0x08004aa9   Thumb Code   424  stm32f10x_tim.o(.text)
    TIM_TimeBaseInit                         0x08004c51   Thumb Code   122  stm32f10x_tim.o(.text)
    TIM_OC1Init                              0x08004ccb   Thumb Code   132  stm32f10x_tim.o(.text)
    TIM_OC2Init                              0x08004d4f   Thumb Code   154  stm32f10x_tim.o(.text)
    TIM_OC3Init                              0x08004de9   Thumb Code   150  stm32f10x_tim.o(.text)
    TIM_OC4Init                              0x08004e7f   Thumb Code   182  stm32f10x_tim.o(.text)
    TIM_SetIC4Prescaler                      0x08004f35   Thumb Code    26  stm32f10x_tim.o(.text)
    TIM_SetIC3Prescaler                      0x08004fd1   Thumb Code    18  stm32f10x_tim.o(.text)
    TIM_SetIC2Prescaler                      0x0800505d   Thumb Code    26  stm32f10x_tim.o(.text)
    TIM_SetIC1Prescaler                      0x080050f9   Thumb Code    18  stm32f10x_tim.o(.text)
    TIM_ICInit                               0x08005177   Thumb Code   150  stm32f10x_tim.o(.text)
    TIM_PWMIConfig                           0x0800520d   Thumb Code   124  stm32f10x_tim.o(.text)
    TIM_BDTRConfig                           0x08005289   Thumb Code    32  stm32f10x_tim.o(.text)
    TIM_TimeBaseStructInit                   0x080052a9   Thumb Code    18  stm32f10x_tim.o(.text)
    TIM_OCStructInit                         0x080052bb   Thumb Code    20  stm32f10x_tim.o(.text)
    TIM_ICStructInit                         0x080052cf   Thumb Code    18  stm32f10x_tim.o(.text)
    TIM_BDTRStructInit                       0x080052e1   Thumb Code    40  stm32f10x_tim.o(.text)
    TIM_Cmd                                  0x08005309   Thumb Code    24  stm32f10x_tim.o(.text)
    TIM_CtrlPWMOutputs                       0x08005321   Thumb Code    30  stm32f10x_tim.o(.text)
    TIM_ITConfig                             0x0800533f   Thumb Code    18  stm32f10x_tim.o(.text)
    TIM_GenerateEvent                        0x08005351   Thumb Code     4  stm32f10x_tim.o(.text)
    TIM_DMAConfig                            0x08005355   Thumb Code    10  stm32f10x_tim.o(.text)
    TIM_DMACmd                               0x0800535f   Thumb Code    18  stm32f10x_tim.o(.text)
    TIM_InternalClockConfig                  0x08005371   Thumb Code    12  stm32f10x_tim.o(.text)
    TIM_SelectInputTrigger                   0x0800537d   Thumb Code    18  stm32f10x_tim.o(.text)
    TIM_ITRxExternalClockConfig              0x0800538f   Thumb Code    24  stm32f10x_tim.o(.text)
    TIM_TIxExternalClockConfig               0x080053a7   Thumb Code    62  stm32f10x_tim.o(.text)
    TIM_ETRConfig                            0x080053e5   Thumb Code    28  stm32f10x_tim.o(.text)
    TIM_ETRClockMode1Config                  0x08005401   Thumb Code    54  stm32f10x_tim.o(.text)
    TIM_ETRClockMode2Config                  0x08005437   Thumb Code    32  stm32f10x_tim.o(.text)
    TIM_PrescalerConfig                      0x08005457   Thumb Code     6  stm32f10x_tim.o(.text)
    TIM_CounterModeConfig                    0x0800545d   Thumb Code    18  stm32f10x_tim.o(.text)
    TIM_EncoderInterfaceConfig               0x0800546f   Thumb Code    66  stm32f10x_tim.o(.text)
    TIM_ForcedOC1Config                      0x080054b1   Thumb Code    18  stm32f10x_tim.o(.text)
    TIM_ForcedOC2Config                      0x080054c3   Thumb Code    26  stm32f10x_tim.o(.text)
    TIM_ForcedOC3Config                      0x080054dd   Thumb Code    18  stm32f10x_tim.o(.text)
    TIM_ForcedOC4Config                      0x080054ef   Thumb Code    26  stm32f10x_tim.o(.text)
    TIM_ARRPreloadConfig                     0x08005509   Thumb Code    24  stm32f10x_tim.o(.text)
    TIM_SelectCOM                            0x08005521   Thumb Code    24  stm32f10x_tim.o(.text)
    TIM_SelectCCDMA                          0x08005539   Thumb Code    24  stm32f10x_tim.o(.text)
    TIM_CCPreloadControl                     0x08005551   Thumb Code    24  stm32f10x_tim.o(.text)
    TIM_OC1PreloadConfig                     0x08005569   Thumb Code    18  stm32f10x_tim.o(.text)
    TIM_OC2PreloadConfig                     0x0800557b   Thumb Code    26  stm32f10x_tim.o(.text)
    TIM_OC3PreloadConfig                     0x08005595   Thumb Code    18  stm32f10x_tim.o(.text)
    TIM_OC4PreloadConfig                     0x080055a7   Thumb Code    26  stm32f10x_tim.o(.text)
    TIM_OC1FastConfig                        0x080055c1   Thumb Code    18  stm32f10x_tim.o(.text)
    TIM_OC2FastConfig                        0x080055d3   Thumb Code    26  stm32f10x_tim.o(.text)
    TIM_OC3FastConfig                        0x080055ed   Thumb Code    18  stm32f10x_tim.o(.text)
    TIM_OC4FastConfig                        0x080055ff   Thumb Code    26  stm32f10x_tim.o(.text)
    TIM_ClearOC1Ref                          0x08005619   Thumb Code    18  stm32f10x_tim.o(.text)
    TIM_ClearOC2Ref                          0x0800562b   Thumb Code    24  stm32f10x_tim.o(.text)
    TIM_ClearOC3Ref                          0x08005643   Thumb Code    18  stm32f10x_tim.o(.text)
    TIM_ClearOC4Ref                          0x08005655   Thumb Code    24  stm32f10x_tim.o(.text)
    TIM_OC1PolarityConfig                    0x0800566d   Thumb Code    18  stm32f10x_tim.o(.text)
    TIM_OC1NPolarityConfig                   0x0800567f   Thumb Code    18  stm32f10x_tim.o(.text)
    TIM_OC2PolarityConfig                    0x08005691   Thumb Code    26  stm32f10x_tim.o(.text)
    TIM_OC2NPolarityConfig                   0x080056ab   Thumb Code    26  stm32f10x_tim.o(.text)
    TIM_OC3PolarityConfig                    0x080056c5   Thumb Code    26  stm32f10x_tim.o(.text)
    TIM_OC3NPolarityConfig                   0x080056df   Thumb Code    26  stm32f10x_tim.o(.text)
    TIM_OC4PolarityConfig                    0x080056f9   Thumb Code    26  stm32f10x_tim.o(.text)
    TIM_CCxCmd                               0x08005713   Thumb Code    30  stm32f10x_tim.o(.text)
    TIM_CCxNCmd                              0x08005731   Thumb Code    30  stm32f10x_tim.o(.text)
    TIM_SelectOCxM                           0x0800574f   Thumb Code    82  stm32f10x_tim.o(.text)
    TIM_UpdateDisableConfig                  0x080057a1   Thumb Code    24  stm32f10x_tim.o(.text)
    TIM_UpdateRequestConfig                  0x080057b9   Thumb Code    24  stm32f10x_tim.o(.text)
    TIM_SelectHallSensor                     0x080057d1   Thumb Code    24  stm32f10x_tim.o(.text)
    TIM_SelectOnePulseMode                   0x080057e9   Thumb Code    18  stm32f10x_tim.o(.text)
    TIM_SelectOutputTrigger                  0x080057fb   Thumb Code    18  stm32f10x_tim.o(.text)
    TIM_SelectSlaveMode                      0x0800580d   Thumb Code    18  stm32f10x_tim.o(.text)
    TIM_SelectMasterSlaveMode                0x0800581f   Thumb Code    18  stm32f10x_tim.o(.text)
    TIM_SetCounter                           0x08005831   Thumb Code     4  stm32f10x_tim.o(.text)
    TIM_SetAutoreload                        0x08005835   Thumb Code     4  stm32f10x_tim.o(.text)
    TIM_SetCompare1                          0x08005839   Thumb Code     4  stm32f10x_tim.o(.text)
    TIM_SetCompare2                          0x0800583d   Thumb Code     4  stm32f10x_tim.o(.text)
    TIM_SetCompare3                          0x08005841   Thumb Code     4  stm32f10x_tim.o(.text)
    TIM_SetCompare4                          0x08005845   Thumb Code     6  stm32f10x_tim.o(.text)
    TIM_SetClockDivision                     0x0800584b   Thumb Code    18  stm32f10x_tim.o(.text)
    TIM_GetCapture1                          0x0800585d   Thumb Code     6  stm32f10x_tim.o(.text)
    TIM_GetCapture2                          0x08005863   Thumb Code     6  stm32f10x_tim.o(.text)
    TIM_GetCapture3                          0x08005869   Thumb Code     6  stm32f10x_tim.o(.text)
    TIM_GetCapture4                          0x0800586f   Thumb Code     8  stm32f10x_tim.o(.text)
    TIM_GetCounter                           0x08005877   Thumb Code     6  stm32f10x_tim.o(.text)
    TIM_GetPrescaler                         0x0800587d   Thumb Code     6  stm32f10x_tim.o(.text)
    TIM_GetFlagStatus                        0x08005883   Thumb Code    18  stm32f10x_tim.o(.text)
    TIM_ClearFlag                            0x08005895   Thumb Code     6  stm32f10x_tim.o(.text)
    TIM_GetITStatus                          0x0800589b   Thumb Code    34  stm32f10x_tim.o(.text)
    TIM_ClearITPendingBit                    0x080058bd   Thumb Code     6  stm32f10x_tim.o(.text)
    EXTI_DeInit                              0x080058c5   Thumb Code    28  stm32f10x_exti.o(.text)
    EXTI_Init                                0x080058e1   Thumb Code   142  stm32f10x_exti.o(.text)
    EXTI_StructInit                          0x0800596f   Thumb Code    16  stm32f10x_exti.o(.text)
    EXTI_GenerateSWInterrupt                 0x0800597f   Thumb Code    16  stm32f10x_exti.o(.text)
    EXTI_GetFlagStatus                       0x0800598f   Thumb Code    22  stm32f10x_exti.o(.text)
    EXTI_ClearFlag                           0x080059a5   Thumb Code     8  stm32f10x_exti.o(.text)
    EXTI_GetITStatus                         0x080059ad   Thumb Code    34  stm32f10x_exti.o(.text)
    EXTI_ClearITPendingBit                   0x080059cf   Thumb Code     8  stm32f10x_exti.o(.text)
    tolower                                  0x080059e1   Thumb Code    12  tolower.o(.text)
    __aeabi_memcpy                           0x080059ed   Thumb Code    36  memcpya.o(.text)
    __aeabi_memcpy4                          0x080059ed   Thumb Code     0  memcpya.o(.text)
    __aeabi_memcpy8                          0x080059ed   Thumb Code     0  memcpya.o(.text)
    __aeabi_memset                           0x08005a11   Thumb Code    14  memseta.o(.text)
    __aeabi_memset4                          0x08005a11   Thumb Code     0  memseta.o(.text)
    __aeabi_memset8                          0x08005a11   Thumb Code     0  memseta.o(.text)
    __aeabi_memclr                           0x08005a1f   Thumb Code     4  memseta.o(.text)
    __aeabi_memclr4                          0x08005a1f   Thumb Code     0  memseta.o(.text)
    __aeabi_memclr8                          0x08005a1f   Thumb Code     0  memseta.o(.text)
    _memset$wrapper                          0x08005a23   Thumb Code    18  memseta.o(.text)
    strstr                                   0x08005a35   Thumb Code    36  strstr.o(.text)
    strchr                                   0x08005a59   Thumb Code    20  strchr.o(.text)
    strlen                                   0x08005a6d   Thumb Code    14  strlen.o(.text)
    strcpy                                   0x08005a7b   Thumb Code    18  strcpy.o(.text)
    strncmp                                  0x08005a8d   Thumb Code    30  strncmp.o(.text)
    __aeabi_dadd                             0x08005aab   Thumb Code   322  dadd.o(.text)
    __aeabi_dsub                             0x08005bed   Thumb Code     6  dadd.o(.text)
    __aeabi_drsub                            0x08005bf3   Thumb Code     6  dadd.o(.text)
    __aeabi_dmul                             0x08005bf9   Thumb Code   228  dmul.o(.text)
    __aeabi_i2d                              0x08005cdd   Thumb Code    34  dflti.o(.text)
    __aeabi_d2iz                             0x08005cff   Thumb Code    62  dfixi.o(.text)
    __aeabi_f2d                              0x08005d3d   Thumb Code    38  f2d.o(.text)
    __aeabi_cdcmpeq                          0x08005d65   Thumb Code     0  cdcmple.o(.text)
    __aeabi_cdcmple                          0x08005d65   Thumb Code    48  cdcmple.o(.text)
    __aeabi_cdrcmple                         0x08005d95   Thumb Code    48  cdrcmple.o(.text)
    __aeabi_uidiv                            0x08005dc5   Thumb Code     0  uidiv.o(.text)
    __aeabi_uidivmod                         0x08005dc5   Thumb Code    44  uidiv.o(.text)
    __aeabi_uldivmod                         0x08005df1   Thumb Code    98  uldiv.o(.text)
    __aeabi_llsl                             0x08005e53   Thumb Code    30  llshl.o(.text)
    _ll_shift_l                              0x08005e53   Thumb Code     0  llshl.o(.text)
    __aeabi_llsr                             0x08005e71   Thumb Code    32  llushr.o(.text)
    _ll_ushift_r                             0x08005e71   Thumb Code     0  llushr.o(.text)
    __aeabi_lasr                             0x08005e91   Thumb Code    36  llsshr.o(.text)
    _ll_sshift_r                             0x08005e91   Thumb Code     0  llsshr.o(.text)
    __I$use$fp                               0x08005eb5   Thumb Code     0  iusefp.o(.text)
    _double_round                            0x08005eb5   Thumb Code    30  depilogue.o(.text)
    _double_epilogue                         0x08005ed3   Thumb Code   156  depilogue.o(.text)
    __aeabi_ddiv                             0x08005f6f   Thumb Code   222  ddiv.o(.text)
    __ARM_scalbn                             0x0800604d   Thumb Code    46  dscalb.o(.text)
    scalbn                                   0x0800604d   Thumb Code     0  dscalb.o(.text)
    __aeabi_d2ulz                            0x0800607b   Thumb Code    48  dfixul.o(.text)
    __scatterload                            0x080060ad   Thumb Code    28  init.o(.text)
    __scatterload_rt2                        0x080060ad   Thumb Code     0  init.o(.text)
    _dsqrt                                   0x080060d1   Thumb Code   162  dsqrt.o(.text)
    __decompress                             0x08006173   Thumb Code     0  __dczerorl2.o(.text)
    __decompress1                            0x08006173   Thumb Code    86  __dczerorl2.o(.text)
    __0printf                                0x080061c9   Thumb Code    22  printfa.o(i.__0printf)
    __1printf                                0x080061c9   Thumb Code     0  printfa.o(i.__0printf)
    __2printf                                0x080061c9   Thumb Code     0  printfa.o(i.__0printf)
    __c89printf                              0x080061c9   Thumb Code     0  printfa.o(i.__0printf)
    printf                                   0x080061c9   Thumb Code     0  printfa.o(i.__0printf)
    __0sprintf                               0x080061e9   Thumb Code    34  printfa.o(i.__0sprintf)
    __1sprintf                               0x080061e9   Thumb Code     0  printfa.o(i.__0sprintf)
    __2sprintf                               0x080061e9   Thumb Code     0  printfa.o(i.__0sprintf)
    __c89sprintf                             0x080061e9   Thumb Code     0  printfa.o(i.__0sprintf)
    sprintf                                  0x080061e9   Thumb Code     0  printfa.o(i.__0sprintf)
    __0vsprintf                              0x08006211   Thumb Code    30  printfa.o(i.__0vsprintf)
    __1vsprintf                              0x08006211   Thumb Code     0  printfa.o(i.__0vsprintf)
    __2vsprintf                              0x08006211   Thumb Code     0  printfa.o(i.__0vsprintf)
    __c89vsprintf                            0x08006211   Thumb Code     0  printfa.o(i.__0vsprintf)
    vsprintf                                 0x08006211   Thumb Code     0  printfa.o(i.__0vsprintf)
    __ARM_fpclassify                         0x08006235   Thumb Code    40  fpclassify.o(i.__ARM_fpclassify)
    __kernel_poly                            0x0800625d   Thumb Code   170  poly.o(i.__kernel_poly)
    __mathlib_dbl_divzero                    0x08006309   Thumb Code    12  dunder.o(i.__mathlib_dbl_divzero)
    __mathlib_dbl_infnan2                    0x08006319   Thumb Code     4  dunder.o(i.__mathlib_dbl_infnan2)
    __mathlib_dbl_invalid                    0x0800631d   Thumb Code    12  dunder.o(i.__mathlib_dbl_invalid)
    __mathlib_dbl_overflow                   0x08006329   Thumb Code    14  dunder.o(i.__mathlib_dbl_overflow)
    __mathlib_dbl_underflow                  0x08006339   Thumb Code    10  dunder.o(i.__mathlib_dbl_underflow)
    __scatterload_copy                       0x08006349   Thumb Code    14  handlers.o(i.__scatterload_copy)
    __scatterload_null                       0x08006357   Thumb Code     2  handlers.o(i.__scatterload_null)
    __scatterload_zeroinit                   0x08006359   Thumb Code    14  handlers.o(i.__scatterload_zeroinit)
    __set_errno                              0x08006369   Thumb Code     6  errno.o(i.__set_errno)
    floor                                    0x08006c11   Thumb Code   204  floor.o(i.floor)
    pow                                      0x08006ced   Thumb Code  2512  pow.o(i.pow)
    sqrt                                     0x080076c5   Thumb Code    76  sqrt.o(i.sqrt)
    table_week                               0x08007710   Data          12  esp8266.o(.constdata)
    mon_table                                0x0800771c   Data          12  esp8266.o(.constdata)
    memtblsize                               0x08007728   Data           8  malloc.o(.constdata)
    memblksize                               0x08007730   Data           8  malloc.o(.constdata)
    memsize                                  0x08007738   Data           8  malloc.o(.constdata)
    F6x8                                     0x08007747   Data         552  oled.o(.constdata)
    F8X16                                    0x0800796f   Data        1520  oled.o(.constdata)
    __mathlib_zero                           0x08007fe8   Data           8  qnan.o(.constdata)
    Region$$Table$$Base                      0x08008164   Number         0  anon$$obj.o(Region$$Table)
    Region$$Table$$Limit                     0x08008184   Number         0  anon$$obj.o(Region$$Table)
    flag                                     0x20000000   Data           1  main.o(.data)
    t                                        0x20000001   Data           1  main.o(.data)
    hour                                     0x20000004   Data           4  main.o(.data)
    min                                      0x20000008   Data           4  main.o(.data)
    sec                                      0x2000000c   Data           4  main.o(.data)
    SystemCoreClock                          0x20000010   Data           4  system_stm32f10x.o(.data)
    AHBPrescTable                            0x20000014   Data          16  system_stm32f10x.o(.data)
    nwt                                      0x20000024   Data           8  esp8266.o(.data)
    wifista_ssid                             0x2000002c   Data           4  esp8266.o(.data)
    wifista_password                         0x20000030   Data           4  esp8266.o(.data)
    p                                        0x20000034   Data           4  esp8266.o(.data)
    USART3_RX_STA                            0x20000038   Data           2  usart3.o(.data)
    mallco_dev                               0x2000003c   Data          28  malloc.o(.data)
    Hzk                                      0x20000068   Data        1408  oled.o(.data)
    __stdout                                 0x200005ec   Data           4  usart.o(.data)
    USART_RX_STA                             0x200005f0   Data           2  usart.o(.data)
    results                                  0x2000060c   Data         384  esp8266.o(.bss)
    USART3_RX_BUF                            0x2000078c   Data         600  usart3.o(.bss)
    USART3_TX_BUF                            0x200009e4   Data         600  usart3.o(.bss)
    mem1base                                 0x20000c40   Data       40960  malloc.o(.bss)
    mem1mapbase                              0x2000ac40   Data        2560  malloc.o(.bss)
    USART_RX_BUF                             0x2000b640   Data         200  usart.o(.bss)
    __initial_sp                             0x2000bb08   Data           0  startup_stm32f10x_hd.o(STACK)
    mem2base                                 0x68000000   Data       983040  malloc.o(.ARM.__AT_0x68000000)
    mem2mapbase                              0x680f0000   Data       61440  malloc.o(.ARM.__AT_0x680F0000)



==============================================================================

Memory Map of the image

  Image Entry point : 0x08000131

  Load Region LR_IROM1 (Base: 0x08000000, Size: 0x00008790, Max: 0x00080000, ABSOLUTE, COMPRESSED[0x0000842c])

    Execution Region ER_IROM1 (Exec base: 0x08000000, Load base: 0x08000000, Size: 0x00008184, Max: 0x00080000, ABSOLUTE)

    Exec Addr    Load Addr    Size         Type   Attr      Idx    E Section Name        Object

    0x08000000   0x08000000   0x00000130   Data   RO          465    RESET               startup_stm32f10x_hd.o
    0x08000130   0x08000130   0x00000000   Code   RO          558  * .ARM.Collect$$$$00000000  mc_w.l(entry.o)
    0x08000130   0x08000130   0x00000004   Code   RO          881    .ARM.Collect$$$$00000001  mc_w.l(entry2.o)
    0x08000134   0x08000134   0x00000004   Code   RO          884    .ARM.Collect$$$$00000004  mc_w.l(entry5.o)
    0x08000138   0x08000138   0x00000000   Code   RO          886    .ARM.Collect$$$$00000008  mc_w.l(entry7b.o)
    0x08000138   0x08000138   0x00000000   Code   RO          888    .ARM.Collect$$$$0000000A  mc_w.l(entry8b.o)
    0x08000138   0x08000138   0x00000008   Code   RO          889    .ARM.Collect$$$$0000000B  mc_w.l(entry9a.o)
    0x08000140   0x08000140   0x00000000   Code   RO          891    .ARM.Collect$$$$0000000D  mc_w.l(entry10a.o)
    0x08000140   0x08000140   0x00000000   Code   RO          893    .ARM.Collect$$$$0000000F  mc_w.l(entry11a.o)
    0x08000140   0x08000140   0x00000004   Code   RO          882    .ARM.Collect$$$$00002712  mc_w.l(entry2.o)
    0x08000144   0x08000144   0x000003a0   Code   RO            1    .text               main.o
    0x080004e4   0x080004e4   0x0000001a   Code   RO          145    .text               stm32f10x_it.o
    0x080004fe   0x080004fe   0x00000002   PAD
    0x08000500   0x08000500   0x000001e0   Code   RO          186    .text               system_stm32f10x.o
    0x080006e0   0x080006e0   0x00000de0   Code   RO          204    .text               esp8266.o
    0x080014c0   0x080014c0   0x00000108   Code   RO          229    .text               timer.o
    0x080015c8   0x080015c8   0x00000180   Code   RO          246    .text               usart3.o
    0x08001748   0x08001748   0x00000034   Code   RO          272    .text               led.o
    0x0800177c   0x0800177c   0x00000268   Code   RO          284    .text               malloc.o
    0x080019e4   0x080019e4   0x00000114   Code   RO          306    .text               exti.o
    0x08001af8   0x08001af8   0x000000fc   Code   RO          322    .text               key.o
    0x08001bf4   0x08001bf4   0x00001a80   Code   RO          335    .text               cjson.o
    0x08003674   0x08003674   0x00000618   Code   RO          377    .text               oled.o
    0x08003c8c   0x08003c8c   0x000000d4   Code   RO          399    .text               delay.o
    0x08003d60   0x08003d60   0x00000140   Code   RO          430    .text               usart.o
    0x08003ea0   0x08003ea0   0x00000024   Code   RO          466    .text               startup_stm32f10x_hd.o
    0x08003ec4   0x08003ec4   0x000000dc   Code   RO          470    .text               misc.o
    0x08003fa0   0x08003fa0   0x0000035c   Code   RO          482    .text               stm32f10x_gpio.o
    0x080042fc   0x080042fc   0x000003a4   Code   RO          494    .text               stm32f10x_rcc.o
    0x080046a0   0x080046a0   0x00000408   Code   RO          508    .text               stm32f10x_usart.o
    0x08004aa8   0x08004aa8   0x00000e1a   Code   RO          520    .text               stm32f10x_tim.o
    0x080058c2   0x080058c2   0x00000002   PAD
    0x080058c4   0x080058c4   0x0000011c   Code   RO          532    .text               stm32f10x_exti.o
    0x080059e0   0x080059e0   0x0000000c   Code   RO          561    .text               mc_w.l(tolower.o)
    0x080059ec   0x080059ec   0x00000024   Code   RO          563    .text               mc_w.l(memcpya.o)
    0x08005a10   0x08005a10   0x00000024   Code   RO          565    .text               mc_w.l(memseta.o)
    0x08005a34   0x08005a34   0x00000024   Code   RO          567    .text               mc_w.l(strstr.o)
    0x08005a58   0x08005a58   0x00000014   Code   RO          569    .text               mc_w.l(strchr.o)
    0x08005a6c   0x08005a6c   0x0000000e   Code   RO          571    .text               mc_w.l(strlen.o)
    0x08005a7a   0x08005a7a   0x00000012   Code   RO          573    .text               mc_w.l(strcpy.o)
    0x08005a8c   0x08005a8c   0x0000001e   Code   RO          575    .text               mc_w.l(strncmp.o)
    0x08005aaa   0x08005aaa   0x0000014e   Code   RO          840    .text               mf_w.l(dadd.o)
    0x08005bf8   0x08005bf8   0x000000e4   Code   RO          842    .text               mf_w.l(dmul.o)
    0x08005cdc   0x08005cdc   0x00000022   Code   RO          844    .text               mf_w.l(dflti.o)
    0x08005cfe   0x08005cfe   0x0000003e   Code   RO          846    .text               mf_w.l(dfixi.o)
    0x08005d3c   0x08005d3c   0x00000026   Code   RO          848    .text               mf_w.l(f2d.o)
    0x08005d62   0x08005d62   0x00000002   PAD
    0x08005d64   0x08005d64   0x00000030   Code   RO          850    .text               mf_w.l(cdcmple.o)
    0x08005d94   0x08005d94   0x00000030   Code   RO          852    .text               mf_w.l(cdrcmple.o)
    0x08005dc4   0x08005dc4   0x0000002c   Code   RO          895    .text               mc_w.l(uidiv.o)
    0x08005df0   0x08005df0   0x00000062   Code   RO          897    .text               mc_w.l(uldiv.o)
    0x08005e52   0x08005e52   0x0000001e   Code   RO          899    .text               mc_w.l(llshl.o)
    0x08005e70   0x08005e70   0x00000020   Code   RO          901    .text               mc_w.l(llushr.o)
    0x08005e90   0x08005e90   0x00000024   Code   RO          903    .text               mc_w.l(llsshr.o)
    0x08005eb4   0x08005eb4   0x00000000   Code   RO          912    .text               mc_w.l(iusefp.o)
    0x08005eb4   0x08005eb4   0x000000ba   Code   RO          913    .text               mf_w.l(depilogue.o)
    0x08005f6e   0x08005f6e   0x000000de   Code   RO          915    .text               mf_w.l(ddiv.o)
    0x0800604c   0x0800604c   0x0000002e   Code   RO          917    .text               mf_w.l(dscalb.o)
    0x0800607a   0x0800607a   0x00000030   Code   RO          919    .text               mf_w.l(dfixul.o)
    0x080060aa   0x080060aa   0x00000002   PAD
    0x080060ac   0x080060ac   0x00000024   Code   RO          921    .text               mc_w.l(init.o)
    0x080060d0   0x080060d0   0x000000a2   Code   RO          923    .text               mf_w.l(dsqrt.o)
    0x08006172   0x08006172   0x00000056   Code   RO          933    .text               mc_w.l(__dczerorl2.o)
    0x080061c8   0x080061c8   0x00000020   Code   RO          812    i.__0printf         mc_w.l(printfa.o)
    0x080061e8   0x080061e8   0x00000028   Code   RO          814    i.__0sprintf        mc_w.l(printfa.o)
    0x08006210   0x08006210   0x00000024   Code   RO          818    i.__0vsprintf       mc_w.l(printfa.o)
    0x08006234   0x08006234   0x00000028   Code   RO          868    i.__ARM_fpclassify  m_ws.l(fpclassify.o)
    0x0800625c   0x0800625c   0x000000aa   Code   RO          870    i.__kernel_poly     m_ws.l(poly.o)
    0x08006306   0x08006306   0x00000002   PAD
    0x08006308   0x08006308   0x00000010   Code   RO          854    i.__mathlib_dbl_divzero  m_ws.l(dunder.o)
    0x08006318   0x08006318   0x00000004   Code   RO          856    i.__mathlib_dbl_infnan2  m_ws.l(dunder.o)
    0x0800631c   0x0800631c   0x0000000c   Code   RO          857    i.__mathlib_dbl_invalid  m_ws.l(dunder.o)
    0x08006328   0x08006328   0x0000000e   Code   RO          858    i.__mathlib_dbl_overflow  m_ws.l(dunder.o)
    0x08006336   0x08006336   0x00000002   PAD
    0x08006338   0x08006338   0x00000010   Code   RO          860    i.__mathlib_dbl_underflow  m_ws.l(dunder.o)
    0x08006348   0x08006348   0x0000000e   Code   RO          927    i.__scatterload_copy  mc_w.l(handlers.o)
    0x08006356   0x08006356   0x00000002   Code   RO          928    i.__scatterload_null  mc_w.l(handlers.o)
    0x08006358   0x08006358   0x0000000e   Code   RO          929    i.__scatterload_zeroinit  mc_w.l(handlers.o)
    0x08006366   0x08006366   0x00000002   PAD
    0x08006368   0x08006368   0x0000000c   Code   RO          907    i.__set_errno       mc_w.l(errno.o)
    0x08006374   0x08006374   0x00000164   Code   RO          819    i._fp_digits        mc_w.l(printfa.o)
    0x080064d8   0x080064d8   0x000006dc   Code   RO          820    i._printf_core      mc_w.l(printfa.o)
    0x08006bb4   0x08006bb4   0x00000024   Code   RO          821    i._printf_post_padding  mc_w.l(printfa.o)
    0x08006bd8   0x08006bd8   0x0000002e   Code   RO          822    i._printf_pre_padding  mc_w.l(printfa.o)
    0x08006c06   0x08006c06   0x0000000a   Code   RO          824    i._sputc            mc_w.l(printfa.o)
    0x08006c10   0x08006c10   0x000000dc   Code   RO          545    i.floor             m_ws.l(floor.o)
    0x08006cec   0x08006cec   0x000009d8   Code   RO          549    i.pow               m_ws.l(pow.o)
    0x080076c4   0x080076c4   0x0000004c   Code   RO          874    i.sqrt              m_ws.l(sqrt.o)
    0x08007710   0x08007710   0x00000018   Data   RO          206    .constdata          esp8266.o
    0x08007728   0x08007728   0x00000018   Data   RO          288    .constdata          malloc.o
    0x08007740   0x08007740   0x00000007   Data   RO          336    .constdata          cjson.o
    0x08007747   0x08007747   0x00000818   Data   RO          378    .constdata          oled.o
    0x08007f5f   0x08007f5f   0x00000001   PAD
    0x08007f60   0x08007f60   0x00000088   Data   RO          550    .constdata          m_ws.l(pow.o)
    0x08007fe8   0x08007fe8   0x00000008   Data   RO          872    .constdata          m_ws.l(qnan.o)
    0x08007ff0   0x08007ff0   0x00000172   Data   RO          207    .conststring        esp8266.o
    0x08008162   0x08008162   0x00000002   PAD
    0x08008164   0x08008164   0x00000020   Data   RO          925    Region$$Table       anon$$obj.o


    Execution Region RW_IRAM1 (Exec base: 0x20000000, Load base: 0x08008184, Size: 0x0000bb08, Max: 0x00010000, ABSOLUTE, COMPRESSED[0x000002a8])

    Exec Addr    Load Addr    Size         Type   Attr      Idx    E Section Name        Object

    0x20000000   COMPRESSED   0x00000010   Data   RW            2    .data               main.o
    0x20000010   COMPRESSED   0x00000014   Data   RW          187    .data               system_stm32f10x.o
    0x20000024   COMPRESSED   0x00000014   Data   RW          208    .data               esp8266.o
    0x20000038   COMPRESSED   0x00000002   Data   RW          248    .data               usart3.o
    0x2000003a   COMPRESSED   0x00000002   PAD
    0x2000003c   COMPRESSED   0x0000001c   Data   RW          289    .data               malloc.o
    0x20000058   COMPRESSED   0x00000001   Data   RW          323    .data               key.o
    0x20000059   COMPRESSED   0x00000003   PAD
    0x2000005c   COMPRESSED   0x0000000c   Data   RW          337    .data               cjson.o
    0x20000068   COMPRESSED   0x00000580   Data   RW          379    .data               oled.o
    0x200005e8   COMPRESSED   0x00000004   Data   RW          400    .data               delay.o
    0x200005ec   COMPRESSED   0x00000006   Data   RW          432    .data               usart.o
    0x200005f2   COMPRESSED   0x00000014   Data   RW          495    .data               stm32f10x_rcc.o
    0x20000606   COMPRESSED   0x00000002   PAD
    0x20000608   COMPRESSED   0x00000004   Data   RW          908    .data               mc_w.l(errno.o)
    0x2000060c        -       0x00000180   Zero   RW          205    .bss                esp8266.o
    0x2000078c        -       0x000004b0   Zero   RW          247    .bss                usart3.o
    0x20000c3c   COMPRESSED   0x00000004   PAD
    0x20000c40        -       0x0000aa00   Zero   RW          287    .bss                malloc.o
    0x2000b640        -       0x000000c8   Zero   RW          431    .bss                usart.o
    0x2000b708        -       0x00000400   Zero   RW          463    STACK               startup_stm32f10x_hd.o



  Load Region LR$$.ARM.__AT_0x68000000 (Base: 0x68000000, Size: 0x00000000, Max: 0x000f0000, ABSOLUTE)

    Execution Region ER$$.ARM.__AT_0x68000000 (Exec base: 0x68000000, Load base: 0x68000000, Size: 0x000f0000, Max: 0x000f0000, ABSOLUTE, UNINIT)

    Exec Addr    Load Addr    Size         Type   Attr      Idx    E Section Name        Object

    0x68000000        -       0x000f0000   Zero   RW          285    .ARM.__AT_0x68000000  malloc.o



  Load Region LR$$.ARM.__AT_0x680F0000 (Base: 0x680f0000, Size: 0x00000000, Max: 0x0000f000, ABSOLUTE)

    Execution Region ER$$.ARM.__AT_0x680F0000 (Exec base: 0x680f0000, Load base: 0x680f0000, Size: 0x0000f000, Max: 0x0000f000, ABSOLUTE, UNINIT)

    Exec Addr    Load Addr    Size         Type   Attr      Idx    E Section Name        Object

    0x680f0000        -       0x0000f000   Zero   RW          286    .ARM.__AT_0x680F0000  malloc.o


==============================================================================

Image component sizes


      Code (inc. data)   RO Data    RW Data    ZI Data      Debug   Object Name

      6784        208          7         12          0      24760   cjson.o
       212         18          0          4          0       1063   delay.o
      3552       1126        394         20        384       7780   esp8266.o
       276         14          0          0          0        802   exti.o
       252         16          0          1          0        848   key.o
        52          6          0          0          0        491   led.o
       928         48          0         16          0     258742   main.o
       616         18         24         28    1088000       5266   malloc.o
       220         22          0          0          0       1821   misc.o
      1560         26       2072       1408          0       6899   oled.o
        36          8        304          0       1024        804   startup_stm32f10x_hd.o
       284         10          0          0          0       2279   stm32f10x_exti.o
       860         38          0          0          0       5753   stm32f10x_gpio.o
        26          0          0          0          0       1190   stm32f10x_it.o
       932         36          0         20          0       8944   stm32f10x_rcc.o
      3610         88          0          0          0      22864   stm32f10x_tim.o
      1032         22          0          0          0       8480   stm32f10x_usart.o
         0          0          0          0          0         32   sys.o
       480         38          0         20          0       1767   system_stm32f10x.o
       264         18          0          0          0       1254   timer.o
       320         16          0          6        200       3206   usart.o
       384         26          0          2       1200       2602   usart3.o

    ----------------------------------------------------------------------
     22684       1802       2836       1544    1090812     367647   Object Totals
         0          0         32          0          0          0   (incl. Generated)
         4          0          3          7          4          0   (incl. Padding)

    ----------------------------------------------------------------------

      Code (inc. data)   RO Data    RW Data    ZI Data      Debug   Library Member Name

        62         10          0          0          0        340   dunder.o
       220         16          0          0          0         84   floor.o
        40          0          0          0          0         68   fpclassify.o
       170          0          0          0          0         96   poly.o
      2520        190        136          0          0        324   pow.o
         0          0          8          0          0          0   qnan.o
        76          0          0          0          0         84   sqrt.o
        86          0          0          0          0          0   __dczerorl2.o
         0          0          0          0          0          0   entry.o
         0          0          0          0          0          0   entry10a.o
         0          0          0          0          0          0   entry11a.o
         8          4          0          0          0          0   entry2.o
         4          0          0          0          0          0   entry5.o
         0          0          0          0          0          0   entry7b.o
         0          0          0          0          0          0   entry8b.o
         8          4          0          0          0          0   entry9a.o
        12          6          0          4          0         68   errno.o
        30          0          0          0          0          0   handlers.o
        36          8          0          0          0         68   init.o
         0          0          0          0          0          0   iusefp.o
        30          0          0          0          0         68   llshl.o
        36          0          0          0          0         68   llsshr.o
        32          0          0          0          0         68   llushr.o
        36          0          0          0          0         68   memcpya.o
        36          0          0          0          0        108   memseta.o
      2312        102          0          0          0        676   printfa.o
        20          0          0          0          0         68   strchr.o
        18          0          0          0          0         68   strcpy.o
        14          0          0          0          0         68   strlen.o
        30          0          0          0          0         80   strncmp.o
        36          0          0          0          0         80   strstr.o
        12          0          0          0          0         68   tolower.o
        44          0          0          0          0         80   uidiv.o
        98          0          0          0          0         92   uldiv.o
        48          0          0          0          0         68   cdcmple.o
        48          0          0          0          0         68   cdrcmple.o
       334          0          0          0          0        148   dadd.o
       222          0          0          0          0        100   ddiv.o
       186          0          0          0          0        176   depilogue.o
        62          0          0          0          0         80   dfixi.o
        48          0          0          0          0         68   dfixul.o
        34          0          0          0          0         76   dflti.o
       228          0          0          0          0         96   dmul.o
        46          0          0          0          0         80   dscalb.o
       162          0          0          0          0        100   dsqrt.o
        38          0          0          0          0         68   f2d.o

    ----------------------------------------------------------------------
      7492        340        144          4          0       3920   Library Totals
        10          0          0          0          0          0   (incl. Padding)

    ----------------------------------------------------------------------

      Code (inc. data)   RO Data    RW Data    ZI Data      Debug   Library Name

      3088        216        144          0          0        996   m_ws.l
      2938        124          0          4          0       1796   mc_w.l
      1456          0          0          0          0       1128   mf_w.l

    ----------------------------------------------------------------------
      7492        340        144          4          0       3920   Library Totals

    ----------------------------------------------------------------------

==============================================================================


      Code (inc. data)   RO Data    RW Data    ZI Data      Debug   

     30176       2142       2980       1548    1090812     367951   Grand Totals
     30176       2142       2980        680    1090812     367951   ELF Image Totals (compressed)
     30176       2142       2980        680          0          0   ROM Totals

==============================================================================

    Total RO  Size (Code + RO Data)                33156 (  32.38kB)
    Total RW  Size (RW Data + ZI Data)           1092360 (1066.76kB)
    Total ROM Size (Code + RO Data + RW Data)      33836 (  33.04kB)

==============================================================================

